npm warn Unknown env config "http-proxy". This will stop working in the next major version of npm.
[2m[WebServer] [22m(node:1411) Warning: The 'NO_COLOR' env is ignored due to the 'FORCE_COLOR' env being set.
[2m[WebServer] [22m(Use `node --trace-warnings ...` to show where the warning was created)
[2m[WebServer] [22mnpm warn Unknown env config "http-proxy". This will stop working in the next major version of npm.
[2m[WebServer] [22m(node:1424) Warning: The 'NO_COLOR' env is ignored due to the 'FORCE_COLOR' env being set.
[2m[WebServer] [22m(Use `node --trace-warnings ...` to show where the warning was created)

Running 50 tests using 1 worker

(node:1458) Warning: The 'NO_COLOR' env is ignored due to the 'FORCE_COLOR' env being set.
(Use `node --trace-warnings ...` to show where the warning was created)
(node:1458) Warning: The 'NO_COLOR' env is ignored due to the 'FORCE_COLOR' env being set.
(Use `node --trace-warnings ...` to show where the warning was created)
  ✓   1 [visual-chromium] › e2e/visual.spec.ts:19:102 › dark · 390 › visual home (1.1s)
  ✓   2 [visual-chromium] › e2e/visual.spec.ts:19:102 › dark · 390 › visual specifications (925ms)
  ✓   3 [visual-chromium] › e2e/visual.spec.ts:19:102 › dark · 390 › visual code (955ms)
  ✓   4 [visual-chromium] › e2e/visual.spec.ts:19:102 › dark · 390 › visual agents (1.0s)
  ✓   5 [visual-chromium] › e2e/visual.spec.ts:19:102 › dark · 390 › visual resources (1.1s)
  ✓   6 [visual-chromium] › e2e/visual.spec.ts:19:102 › dark · 390 › visual workflow (1.1s)
  ✓   7 [visual-chromium] › e2e/visual.spec.ts:19:102 › dark · 390 › visual execution (1.0s)
  ✓   8 [visual-chromium] › e2e/visual.spec.ts:19:102 › dark · 390 › visual governance (1.1s)
  ✓   9 [visual-chromium] › e2e/visual.spec.ts:19:102 › dark · 390 › visual memory (1.1s)
  ✓  10 [visual-chromium] › e2e/visual.spec.ts:19:102 › dark · 390 › visual gateway (1.1s)
  ✓  11 [visual-chromium] › e2e/visual.spec.ts:19:102 › dark · 390 › visual collaboration (1.1s)
  ✓  12 [visual-chromium] › e2e/visual.spec.ts:19:102 › dark · 390 › visual configuration (1.1s)
  ✓  13 [visual-chromium] › e2e/visual.spec.ts:19:102 › dark · 390 › visual identity (1.0s)
  ✓  14 [visual-chromium] › e2e/visual.spec.ts:19:102 › dark · 390 › visual tenancy (1.1s)
  ✓  15 [visual-chromium] › e2e/visual.spec.ts:19:102 › dark · 390 › visual saas (1.1s)
  ✓  16 [visual-chromium] › e2e/visual.spec.ts:19:102 › dark · 390 › visual desktop (1.0s)
  ✓  17 [visual-chromium] › e2e/visual.spec.ts:19:102 › dark · 390 › visual observer (1.0s)
  ✓  18 [visual-chromium] › e2e/visual.spec.ts:19:102 › dark · 390 › visual connection (943ms)
  ✓  19 [visual-chromium] › e2e/visual.spec.ts:19:102 › dark · 390 › visual sign-in (1.2s)
  ✓  20 [visual-chromium] › e2e/visual.spec.ts:19:102 › dark · 390 › visual sign-in/help (1.2s)
  ✓  21 [visual-chromium] › e2e/visual.spec.ts:19:102 › dark · 390 › visual invitations (1.2s)
  ✓  22 [visual-chromium] › e2e/visual.spec.ts:19:102 › dark · 390 › visual observer/sign-in (847ms)
  ✓  23 [visual-chromium] › e2e/visual.spec.ts:31:64 › dark · 390 › visual open specifications (2.1s)
  ✓  24 [visual-chromium] › e2e/visual.spec.ts:31:64 › dark · 390 › visual open code (1.7s)
  ✓  25 [visual-chromium] › e2e/visual.spec.ts:31:64 › dark · 390 › visual open agents (1.1s)
  ✓  26 [visual-chromium] › e2e/visual.spec.ts:19:102 › light · 390 › visual home (943ms)
  ✓  27 [visual-chromium] › e2e/visual.spec.ts:19:102 › light · 390 › visual specifications (905ms)
  ✓  28 [visual-chromium] › e2e/visual.spec.ts:19:102 › light · 390 › visual code (912ms)
  ✓  29 [visual-chromium] › e2e/visual.spec.ts:19:102 › light · 390 › visual agents (1.0s)
  ✓  30 [visual-chromium] › e2e/visual.spec.ts:19:102 › light · 390 › visual resources (981ms)
  ✓  31 [visual-chromium] › e2e/visual.spec.ts:19:102 › light · 390 › visual workflow (1.0s)
  ✓  32 [visual-chromium] › e2e/visual.spec.ts:19:102 › light · 390 › visual execution (988ms)
  ✓  33 [visual-chromium] › e2e/visual.spec.ts:19:102 › light · 390 › visual governance (1.0s)
  ✓  34 [visual-chromium] › e2e/visual.spec.ts:19:102 › light · 390 › visual memory (1.3s)
  ✓  35 [visual-chromium] › e2e/visual.spec.ts:19:102 › light · 390 › visual gateway (1.0s)
  ✓  36 [visual-chromium] › e2e/visual.spec.ts:19:102 › light · 390 › visual collaboration (1.1s)
  ✓  37 [visual-chromium] › e2e/visual.spec.ts:19:102 › light · 390 › visual configuration (1.0s)
  ✓  38 [visual-chromium] › e2e/visual.spec.ts:19:102 › light · 390 › visual identity (988ms)
  ✓  39 [visual-chromium] › e2e/visual.spec.ts:19:102 › light · 390 › visual tenancy (988ms)
  ✓  40 [visual-chromium] › e2e/visual.spec.ts:19:102 › light · 390 › visual saas (1.1s)
  ✓  41 [visual-chromium] › e2e/visual.spec.ts:19:102 › light · 390 › visual desktop (997ms)
  ✓  42 [visual-chromium] › e2e/visual.spec.ts:19:102 › light · 390 › visual observer (1.0s)
  ✓  43 [visual-chromium] › e2e/visual.spec.ts:19:102 › light · 390 › visual connection (901ms)
  ✓  44 [visual-chromium] › e2e/visual.spec.ts:19:102 › light · 390 › visual sign-in (1.2s)
  ✓  45 [visual-chromium] › e2e/visual.spec.ts:19:102 › light · 390 › visual sign-in/help (1.2s)
  ✓  46 [visual-chromium] › e2e/visual.spec.ts:19:102 › light · 390 › visual invitations (1.2s)
  ✓  47 [visual-chromium] › e2e/visual.spec.ts:19:102 › light · 390 › visual observer/sign-in (864ms)
  ✓  48 [visual-chromium] › e2e/visual.spec.ts:31:64 › light · 390 › visual open specifications (2.1s)
  ✓  49 [visual-chromium] › e2e/visual.spec.ts:31:64 › light · 390 › visual open code (1.7s)
  ✓  50 [visual-chromium] › e2e/visual.spec.ts:31:64 › light · 390 › visual open agents (1.3s)

  50 passed (59.1s)
