npm warn Unknown env config "http-proxy". This will stop working in the next major version of npm.
[2m[WebServer] [22m(node:3621) Warning: The 'NO_COLOR' env is ignored due to the 'FORCE_COLOR' env being set.
[2m[WebServer] [22m(Use `node --trace-warnings ...` to show where the warning was created)
[2m[WebServer] [22mnpm warn Unknown env config "http-proxy". This will stop working in the next major version of npm.
[2m[WebServer] [22m(node:3634) Warning: The 'NO_COLOR' env is ignored due to the 'FORCE_COLOR' env being set.
[2m[WebServer] [22m(Use `node --trace-warnings ...` to show where the warning was created)

Running 150 tests using 1 worker

(node:3668) Warning: The 'NO_COLOR' env is ignored due to the 'FORCE_COLOR' env being set.
(Use `node --trace-warnings ...` to show where the warning was created)
(node:3668) Warning: The 'NO_COLOR' env is ignored due to the 'FORCE_COLOR' env being set.
(Use `node --trace-warnings ...` to show where the warning was created)
  ✓    1 [visual-chromium] › e2e/visual.spec.ts:19:102 › dark · 390 › visual home (1.6s)
  ✓    2 [visual-chromium] › e2e/visual.spec.ts:19:102 › dark · 390 › visual specifications (1.1s)
  ✓    3 [visual-chromium] › e2e/visual.spec.ts:19:102 › dark · 390 › visual code (1.1s)
  ✓    4 [visual-chromium] › e2e/visual.spec.ts:19:102 › dark · 390 › visual agents (1.3s)
  ✓    5 [visual-chromium] › e2e/visual.spec.ts:19:102 › dark · 390 › visual resources (1.2s)
  ✓    6 [visual-chromium] › e2e/visual.spec.ts:19:102 › dark · 390 › visual workflow (1.4s)
  ✓    7 [visual-chromium] › e2e/visual.spec.ts:19:102 › dark · 390 › visual execution (2.0s)
  ✓    8 [visual-chromium] › e2e/visual.spec.ts:19:102 › dark · 390 › visual governance (1.7s)
  ✓    9 [visual-chromium] › e2e/visual.spec.ts:19:102 › dark · 390 › visual memory (1.2s)
  ✓   10 [visual-chromium] › e2e/visual.spec.ts:19:102 › dark · 390 › visual gateway (1.1s)
  ✓   11 [visual-chromium] › e2e/visual.spec.ts:19:102 › dark · 390 › visual collaboration (1.2s)
  ✓   12 [visual-chromium] › e2e/visual.spec.ts:19:102 › dark · 390 › visual configuration (1.0s)
  ✓   13 [visual-chromium] › e2e/visual.spec.ts:19:102 › dark · 390 › visual identity (1.1s)
  ✓   14 [visual-chromium] › e2e/visual.spec.ts:19:102 › dark · 390 › visual tenancy (1.2s)
  ✓   15 [visual-chromium] › e2e/visual.spec.ts:19:102 › dark · 390 › visual saas (1.1s)
  ✓   16 [visual-chromium] › e2e/visual.spec.ts:19:102 › dark · 390 › visual desktop (984ms)
  ✓   17 [visual-chromium] › e2e/visual.spec.ts:19:102 › dark · 390 › visual observer (1.0s)
  ✓   18 [visual-chromium] › e2e/visual.spec.ts:19:102 › dark · 390 › visual connection (926ms)
  ✓   19 [visual-chromium] › e2e/visual.spec.ts:19:102 › dark · 390 › visual sign-in (1.2s)
  ✓   20 [visual-chromium] › e2e/visual.spec.ts:19:102 › dark · 390 › visual sign-in/help (1.2s)
  ✓   21 [visual-chromium] › e2e/visual.spec.ts:19:102 › dark · 390 › visual invitations (1.2s)
  ✓   22 [visual-chromium] › e2e/visual.spec.ts:19:102 › dark · 390 › visual observer/sign-in (868ms)
  ✓   23 [visual-chromium] › e2e/visual.spec.ts:31:64 › dark · 390 › visual open specifications (2.2s)
  ✓   24 [visual-chromium] › e2e/visual.spec.ts:31:64 › dark · 390 › visual open code (1.7s)
  ✓   25 [visual-chromium] › e2e/visual.spec.ts:31:64 › dark · 390 › visual open agents (1.2s)
  ✓   26 [visual-chromium] › e2e/visual.spec.ts:19:102 › dark · 1024 › visual home (1.1s)
  ✓   27 [visual-chromium] › e2e/visual.spec.ts:19:102 › dark · 1024 › visual specifications (1.1s)
  ✓   28 [visual-chromium] › e2e/visual.spec.ts:19:102 › dark · 1024 › visual code (1.0s)
  ✓   29 [visual-chromium] › e2e/visual.spec.ts:19:102 › dark · 1024 › visual agents (1.1s)
  ✓   30 [visual-chromium] › e2e/visual.spec.ts:19:102 › dark · 1024 › visual resources (1.1s)
  ✓   31 [visual-chromium] › e2e/visual.spec.ts:19:102 › dark · 1024 › visual workflow (1.2s)
  ✓   32 [visual-chromium] › e2e/visual.spec.ts:19:102 › dark · 1024 › visual execution (1.2s)
  ✓   33 [visual-chromium] › e2e/visual.spec.ts:19:102 › dark · 1024 › visual governance (1.2s)
  ✓   34 [visual-chromium] › e2e/visual.spec.ts:19:102 › dark · 1024 › visual memory (1.4s)
  ✓   35 [visual-chromium] › e2e/visual.spec.ts:19:102 › dark · 1024 › visual gateway (1.6s)
  ✓   36 [visual-chromium] › e2e/visual.spec.ts:19:102 › dark · 1024 › visual collaboration (1.6s)
  ✓   37 [visual-chromium] › e2e/visual.spec.ts:19:102 › dark · 1024 › visual configuration (1.6s)
  ✓   38 [visual-chromium] › e2e/visual.spec.ts:19:102 › dark · 1024 › visual identity (1.3s)
  ✓   39 [visual-chromium] › e2e/visual.spec.ts:19:102 › dark · 1024 › visual tenancy (1.3s)
  ✓   40 [visual-chromium] › e2e/visual.spec.ts:19:102 › dark · 1024 › visual saas (1.3s)
  ✓   41 [visual-chromium] › e2e/visual.spec.ts:19:102 › dark · 1024 › visual desktop (1.5s)
  ✓   42 [visual-chromium] › e2e/visual.spec.ts:19:102 › dark · 1024 › visual observer (1.5s)
  ✓   43 [visual-chromium] › e2e/visual.spec.ts:19:102 › dark · 1024 › visual connection (1.2s)
  ✓   44 [visual-chromium] › e2e/visual.spec.ts:19:102 › dark · 1024 › visual sign-in (1.4s)
  ✓   45 [visual-chromium] › e2e/visual.spec.ts:19:102 › dark · 1024 › visual sign-in/help (1.4s)
  ✓   46 [visual-chromium] › e2e/visual.spec.ts:19:102 › dark · 1024 › visual invitations (1.7s)
  ✓   47 [visual-chromium] › e2e/visual.spec.ts:19:102 › dark · 1024 › visual observer/sign-in (1.1s)
  ✓   48 [visual-chromium] › e2e/visual.spec.ts:31:64 › dark · 1024 › visual open specifications (2.5s)
  ✓   49 [visual-chromium] › e2e/visual.spec.ts:31:64 › dark · 1024 › visual open code (2.3s)
  ✓   50 [visual-chromium] › e2e/visual.spec.ts:31:64 › dark · 1024 › visual open agents (2.7s)
  ✓   51 [visual-chromium] › e2e/visual.spec.ts:19:102 › dark · 1440 › visual home (2.1s)
  ✓   52 [visual-chromium] › e2e/visual.spec.ts:19:102 › dark · 1440 › visual specifications (2.0s)
  ✓   53 [visual-chromium] › e2e/visual.spec.ts:19:102 › dark · 1440 › visual code (3.1s)
  ✓   54 [visual-chromium] › e2e/visual.spec.ts:19:102 › dark · 1440 › visual agents (2.9s)
  ✓   55 [visual-chromium] › e2e/visual.spec.ts:19:102 › dark · 1440 › visual resources (3.0s)
  ✓   56 [visual-chromium] › e2e/visual.spec.ts:19:102 › dark · 1440 › visual workflow (1.8s)
  ✓   57 [visual-chromium] › e2e/visual.spec.ts:19:102 › dark · 1440 › visual execution (2.3s)
  ✓   58 [visual-chromium] › e2e/visual.spec.ts:19:102 › dark · 1440 › visual governance (1.5s)
  ✓   59 [visual-chromium] › e2e/visual.spec.ts:19:102 › dark · 1440 › visual memory (1.3s)
  ✓   60 [visual-chromium] › e2e/visual.spec.ts:19:102 › dark · 1440 › visual gateway (1.3s)
  ✓   61 [visual-chromium] › e2e/visual.spec.ts:19:102 › dark · 1440 › visual collaboration (1.8s)
  ✓   62 [visual-chromium] › e2e/visual.spec.ts:19:102 › dark · 1440 › visual configuration (1.5s)
  ✓   63 [visual-chromium] › e2e/visual.spec.ts:19:102 › dark · 1440 › visual identity (1.3s)
  ✓   64 [visual-chromium] › e2e/visual.spec.ts:19:102 › dark · 1440 › visual tenancy (1.7s)
  ✓   65 [visual-chromium] › e2e/visual.spec.ts:19:102 › dark · 1440 › visual saas (1.5s)
  ✓   66 [visual-chromium] › e2e/visual.spec.ts:19:102 › dark · 1440 › visual desktop (1.4s)
  ✓   67 [visual-chromium] › e2e/visual.spec.ts:19:102 › dark · 1440 › visual observer (1.3s)
  ✓   68 [visual-chromium] › e2e/visual.spec.ts:19:102 › dark · 1440 › visual connection (1.2s)
  ✓   69 [visual-chromium] › e2e/visual.spec.ts:19:102 › dark · 1440 › visual sign-in (1.6s)
  ✓   70 [visual-chromium] › e2e/visual.spec.ts:19:102 › dark · 1440 › visual sign-in/help (1.3s)
  ✓   71 [visual-chromium] › e2e/visual.spec.ts:19:102 › dark · 1440 › visual invitations (1.4s)
  ✓   72 [visual-chromium] › e2e/visual.spec.ts:19:102 › dark · 1440 › visual observer/sign-in (1.2s)
  ✓   73 [visual-chromium] › e2e/visual.spec.ts:31:64 › dark · 1440 › visual open specifications (3.1s)
  ✓   74 [visual-chromium] › e2e/visual.spec.ts:31:64 › dark · 1440 › visual open code (3.5s)
  ✓   75 [visual-chromium] › e2e/visual.spec.ts:31:64 › dark · 1440 › visual open agents (3.6s)
  ✓   76 [visual-chromium] › e2e/visual.spec.ts:19:102 › light · 390 › visual home (1.6s)
  ✓   77 [visual-chromium] › e2e/visual.spec.ts:19:102 › light · 390 › visual specifications (1.3s)
  ✓   78 [visual-chromium] › e2e/visual.spec.ts:19:102 › light · 390 › visual code (1.1s)
  ✓   79 [visual-chromium] › e2e/visual.spec.ts:19:102 › light · 390 › visual agents (1.2s)
  ✓   80 [visual-chromium] › e2e/visual.spec.ts:19:102 › light · 390 › visual resources (1.1s)
  ✓   81 [visual-chromium] › e2e/visual.spec.ts:19:102 › light · 390 › visual workflow (1.1s)
  ✓   82 [visual-chromium] › e2e/visual.spec.ts:19:102 › light · 390 › visual execution (2.1s)
  ✓   83 [visual-chromium] › e2e/visual.spec.ts:19:102 › light · 390 › visual governance (1.3s)
  ✓   84 [visual-chromium] › e2e/visual.spec.ts:19:102 › light · 390 › visual memory (1.2s)
  ✓   85 [visual-chromium] › e2e/visual.spec.ts:19:102 › light · 390 › visual gateway (1.3s)
  ✓   86 [visual-chromium] › e2e/visual.spec.ts:19:102 › light · 390 › visual collaboration (1.5s)
  ✓   87 [visual-chromium] › e2e/visual.spec.ts:19:102 › light · 390 › visual configuration (1.6s)
  ✓   88 [visual-chromium] › e2e/visual.spec.ts:19:102 › light · 390 › visual identity (1.5s)
  ✓   89 [visual-chromium] › e2e/visual.spec.ts:19:102 › light · 390 › visual tenancy (1.5s)
  ✓   90 [visual-chromium] › e2e/visual.spec.ts:19:102 › light · 390 › visual saas (1.0s)
  ✓   91 [visual-chromium] › e2e/visual.spec.ts:19:102 › light · 390 › visual desktop (985ms)
  ✓   92 [visual-chromium] › e2e/visual.spec.ts:19:102 › light · 390 › visual observer (1.0s)
  ✓   93 [visual-chromium] › e2e/visual.spec.ts:19:102 › light · 390 › visual connection (1.4s)
  ✓   94 [visual-chromium] › e2e/visual.spec.ts:19:102 › light · 390 › visual sign-in (1.5s)
  ✓   95 [visual-chromium] › e2e/visual.spec.ts:19:102 › light · 390 › visual sign-in/help (1.6s)
  ✓   96 [visual-chromium] › e2e/visual.spec.ts:19:102 › light · 390 › visual invitations (1.4s)
  ✓   97 [visual-chromium] › e2e/visual.spec.ts:19:102 › light · 390 › visual observer/sign-in (1.1s)
  ✓   98 [visual-chromium] › e2e/visual.spec.ts:31:64 › light · 390 › visual open specifications (3.9s)
  ✓   99 [visual-chromium] › e2e/visual.spec.ts:31:64 › light · 390 › visual open code (4.4s)
  ✓  100 [visual-chromium] › e2e/visual.spec.ts:31:64 › light · 390 › visual open agents (3.2s)
  ✓  101 [visual-chromium] › e2e/visual.spec.ts:19:102 › light · 1024 › visual home (1.9s)
  ✓  102 [visual-chromium] › e2e/visual.spec.ts:19:102 › light · 1024 › visual specifications (1.7s)
  ✓  103 [visual-chromium] › e2e/visual.spec.ts:19:102 › light · 1024 › visual code (1.8s)
  ✓  104 [visual-chromium] › e2e/visual.spec.ts:19:102 › light · 1024 › visual agents (1.4s)
  ✓  105 [visual-chromium] › e2e/visual.spec.ts:19:102 › light · 1024 › visual resources (1.7s)
  ✓  106 [visual-chromium] › e2e/visual.spec.ts:19:102 › light · 1024 › visual workflow (3.3s)
  ✓  107 [visual-chromium] › e2e/visual.spec.ts:19:102 › light · 1024 › visual execution (2.8s)
  ✓  108 [visual-chromium] › e2e/visual.spec.ts:19:102 › light · 1024 › visual governance (1.7s)
  ✓  109 [visual-chromium] › e2e/visual.spec.ts:19:102 › light · 1024 › visual memory (1.9s)
  ✓  110 [visual-chromium] › e2e/visual.spec.ts:19:102 › light · 1024 › visual gateway (1.5s)
  ✓  111 [visual-chromium] › e2e/visual.spec.ts:19:102 › light · 1024 › visual collaboration (2.5s)
  ✓  112 [visual-chromium] › e2e/visual.spec.ts:19:102 › light · 1024 › visual configuration (2.0s)
  ✓  113 [visual-chromium] › e2e/visual.spec.ts:19:102 › light · 1024 › visual identity (1.4s)
  ✓  114 [visual-chromium] › e2e/visual.spec.ts:19:102 › light · 1024 › visual tenancy (1.5s)
  ✓  115 [visual-chromium] › e2e/visual.spec.ts:19:102 › light · 1024 › visual saas (1.6s)
  ✓  116 [visual-chromium] › e2e/visual.spec.ts:19:102 › light · 1024 › visual desktop (2.2s)
  ✓  117 [visual-chromium] › e2e/visual.spec.ts:19:102 › light · 1024 › visual observer (1.5s)
  ✓  118 [visual-chromium] › e2e/visual.spec.ts:19:102 › light · 1024 › visual connection (1.7s)
  ✓  119 [visual-chromium] › e2e/visual.spec.ts:19:102 › light · 1024 › visual sign-in (1.6s)
  ✓  120 [visual-chromium] › e2e/visual.spec.ts:19:102 › light · 1024 › visual sign-in/help (1.8s)
  ✓  121 [visual-chromium] › e2e/visual.spec.ts:19:102 › light · 1024 › visual invitations (1.5s)
  ✓  122 [visual-chromium] › e2e/visual.spec.ts:19:102 › light · 1024 › visual observer/sign-in (1.0s)
  ✓  123 [visual-chromium] › e2e/visual.spec.ts:31:64 › light · 1024 › visual open specifications (2.8s)
  ✓  124 [visual-chromium] › e2e/visual.spec.ts:31:64 › light · 1024 › visual open code (2.1s)
  ✓  125 [visual-chromium] › e2e/visual.spec.ts:31:64 › light · 1024 › visual open agents (1.2s)
  ✓  126 [visual-chromium] › e2e/visual.spec.ts:19:102 › light · 1440 › visual home (1.1s)
  ✓  127 [visual-chromium] › e2e/visual.spec.ts:19:102 › light · 1440 › visual specifications (1.0s)
  ✓  128 [visual-chromium] › e2e/visual.spec.ts:19:102 › light · 1440 › visual code (1.2s)
  ✓  129 [visual-chromium] › e2e/visual.spec.ts:19:102 › light · 1440 › visual agents (1.2s)
  ✓  130 [visual-chromium] › e2e/visual.spec.ts:19:102 › light · 1440 › visual resources (1.4s)
  ✓  131 [visual-chromium] › e2e/visual.spec.ts:19:102 › light · 1440 › visual workflow (1.4s)
  ✓  132 [visual-chromium] › e2e/visual.spec.ts:19:102 › light · 1440 › visual execution (2.1s)
  ✓  133 [visual-chromium] › e2e/visual.spec.ts:19:102 › light · 1440 › visual governance (2.7s)
  ✓  134 [visual-chromium] › e2e/visual.spec.ts:19:102 › light · 1440 › visual memory (1.9s)
  ✓  135 [visual-chromium] › e2e/visual.spec.ts:19:102 › light · 1440 › visual gateway (1.5s)
  ✓  136 [visual-chromium] › e2e/visual.spec.ts:19:102 › light · 1440 › visual collaboration (1.9s)
  ✓  137 [visual-chromium] › e2e/visual.spec.ts:19:102 › light · 1440 › visual configuration (1.9s)
  ✓  138 [visual-chromium] › e2e/visual.spec.ts:19:102 › light · 1440 › visual identity (1.6s)
  ✓  139 [visual-chromium] › e2e/visual.spec.ts:19:102 › light · 1440 › visual tenancy (1.8s)
  ✓  140 [visual-chromium] › e2e/visual.spec.ts:19:102 › light · 1440 › visual saas (1.2s)
  ✓  141 [visual-chromium] › e2e/visual.spec.ts:19:102 › light · 1440 › visual desktop (2.3s)
  ✓  142 [visual-chromium] › e2e/visual.spec.ts:19:102 › light · 1440 › visual observer (1.2s)
  ✓  143 [visual-chromium] › e2e/visual.spec.ts:19:102 › light · 1440 › visual connection (1.2s)
  ✓  144 [visual-chromium] › e2e/visual.spec.ts:19:102 › light · 1440 › visual sign-in (1.5s)
  ✓  145 [visual-chromium] › e2e/visual.spec.ts:19:102 › light · 1440 › visual sign-in/help (1.5s)
  ✓  146 [visual-chromium] › e2e/visual.spec.ts:19:102 › light · 1440 › visual invitations (1.4s)
  ✓  147 [visual-chromium] › e2e/visual.spec.ts:19:102 › light · 1440 › visual observer/sign-in (1.0s)
  ✓  148 [visual-chromium] › e2e/visual.spec.ts:31:64 › light · 1440 › visual open specifications (2.4s)
  ✓  149 [visual-chromium] › e2e/visual.spec.ts:31:64 › light · 1440 › visual open code (2.4s)
  ✓  150 [visual-chromium] › e2e/visual.spec.ts:31:64 › light · 1440 › visual open agents (1.5s)

  150 passed (4.2m)
