npm warn Unknown env config "http-proxy". This will stop working in the next major version of npm.
[WebServer] (node:33) Warning: The 'NO_COLOR' env is ignored due to the 'FORCE_COLOR' env being set.
[WebServer] (Use `node --trace-warnings ...` to show where the warning was created)
[WebServer] npm warn Unknown env config "http-proxy". This will stop working in the next major version of npm.
[WebServer] (node:46) Warning: The 'NO_COLOR' env is ignored due to the 'FORCE_COLOR' env being set.
[WebServer] (Use `node --trace-warnings ...` to show where the warning was created)

Running 206 tests using 2 workers

(node:81) Warning: The 'NO_COLOR' env is ignored due to the 'FORCE_COLOR' env being set.
(Use `node --trace-warnings ...` to show where the warning was created)
(node:80) Warning: The 'NO_COLOR' env is ignored due to the 'FORCE_COLOR' env being set.
(Use `node --trace-warnings ...` to show where the warning was created)
(node:81) Warning: The 'NO_COLOR' env is ignored due to the 'FORCE_COLOR' env being set.
(Use `node --trace-warnings ...` to show where the warning was created)
(node:80) Warning: The 'NO_COLOR' env is ignored due to the 'FORCE_COLOR' env being set.
(Use `node --trace-warnings ...` to show where the warning was created)
  ✓    1 [chromium] › e2e/ides.spec.ts:63:1 › specifications: preview never runs scripts from Markdown (2.3s)
  ✓    2 [chromium] › e2e/ides.spec.ts:4:1 › specifications: create, edit, save, outline, preview, history (6.1s)
  ✓    3 [chromium] › e2e/ides.spec.ts:84:1 › code intelligence: import folder, search, outline symbols (4.7s)
  ✓    5 [chromium] › e2e/shell.spec.ts:3:1 › skip link, route focus, title and breadcrumb (555ms)
  ✓    6 [chromium] › e2e/shell.spec.ts:29:1 › command palette searches views and navigates (1.5s)
  ✓    7 [chromium] › e2e/shell.spec.ts:44:1 › help dialog opens with ? and returns focus (1.2s)
  ✓    8 [chromium] › e2e/shell.spec.ts:61:1 › theme preference persists across reloads (447ms)
  ✓    9 [chromium] › e2e/shell.spec.ts:74:1 › unknown route shows a not-found page inside the shell (266ms)
  ✓    4 [chromium] › e2e/ides.spec.ts:119:1 › workflow: tasks, pinned agent, cycle detection, save (5.3s)
  ✓   10 [chromium] › e2e/shell.spec.ts:89:3 › mobile › navigation drawer (1.4s)
  ✓   11 [chromium] › e2e/shell.spec.ts:113:3 › no horizontal overflow at 320px (4.1s)
  ✓   12 [chromium] › e2e/shell.spec.ts:113:3 › no horizontal overflow at 768px (4.1s)
  ✓   13 [chromium] › e2e/shell.spec.ts:113:3 › no horizontal overflow at 1024px (4.2s)
  ✓   14 [chromium] › e2e/shell.spec.ts:113:3 › no horizontal overflow at 1280px (4.1s)
  ✓   16 [chromium] › e2e/shell.spec.ts:127:1 › mobile breadcrumb labels stay within the header and scope remains compact (267ms)
(node:691) Warning: The 'NO_COLOR' env is ignored due to the 'FORCE_COLOR' env being set.
(Use `node --trace-warnings ...` to show where the warning was created)
(node:691) Warning: The 'NO_COLOR' env is ignored due to the 'FORCE_COLOR' env being set.
(Use `node --trace-warnings ...` to show where the warning was created)
  ✓   15 [chromium] › e2e/shell.spec.ts:113:3 › no horizontal overflow at 1920px (4.2s)
(node:881) Warning: The 'NO_COLOR' env is ignored due to the 'FORCE_COLOR' env being set.
(Use `node --trace-warnings ...` to show where the warning was created)
(node:881) Warning: The 'NO_COLOR' env is ignored due to the 'FORCE_COLOR' env being set.
(Use `node --trace-warnings ...` to show where the warning was created)
  ✓   17 [firefox] › e2e/ides.spec.ts:4:1 › specifications: create, edit, save, outline, preview, history (7.7s)
  ✓   18 [firefox] › e2e/ides.spec.ts:63:1 › specifications: preview never runs scripts from Markdown (5.0s)
  ✓   19 [firefox] › e2e/ides.spec.ts:84:1 › code intelligence: import folder, search, outline symbols (5.4s)
  ✓   21 [firefox] › e2e/shell.spec.ts:3:1 › skip link, route focus, title and breadcrumb (1.3s)
  ✓   20 [firefox] › e2e/ides.spec.ts:119:1 › workflow: tasks, pinned agent, cycle detection, save (8.0s)
  ✓   22 [firefox] › e2e/shell.spec.ts:29:1 › command palette searches views and navigates (2.0s)
  ✓   24 [firefox] › e2e/shell.spec.ts:61:1 › theme preference persists across reloads (878ms)
  ✓   25 [firefox] › e2e/shell.spec.ts:74:1 › unknown route shows a not-found page inside the shell (463ms)
  ✓   23 [firefox] › e2e/shell.spec.ts:44:1 › help dialog opens with ? and returns focus (1.8s)
  ✓   26 [firefox] › e2e/shell.spec.ts:89:3 › mobile › navigation drawer (1.9s)
  ✓   27 [firefox] › e2e/shell.spec.ts:113:3 › no horizontal overflow at 320px (5.6s)
  ✓   28 [firefox] › e2e/shell.spec.ts:113:3 › no horizontal overflow at 768px (5.2s)
  ✓   29 [firefox] › e2e/shell.spec.ts:113:3 › no horizontal overflow at 1024px (5.7s)
  ✓   30 [firefox] › e2e/shell.spec.ts:113:3 › no horizontal overflow at 1280px (5.8s)
  ✓   32 [firefox] › e2e/shell.spec.ts:127:1 › mobile breadcrumb labels stay within the header and scope remains compact (914ms)
(node:1957) Warning: The 'NO_COLOR' env is ignored due to the 'FORCE_COLOR' env being set.
(Use `node --trace-warnings ...` to show where the warning was created)
(node:1957) Warning: The 'NO_COLOR' env is ignored due to the 'FORCE_COLOR' env being set.
(Use `node --trace-warnings ...` to show where the warning was created)
  ✓   31 [firefox] › e2e/shell.spec.ts:113:3 › no horizontal overflow at 1920px (5.9s)
(node:2086) Warning: The 'NO_COLOR' env is ignored due to the 'FORCE_COLOR' env being set.
(Use `node --trace-warnings ...` to show where the warning was created)
(node:2086) Warning: The 'NO_COLOR' env is ignored due to the 'FORCE_COLOR' env being set.
(Use `node --trace-warnings ...` to show where the warning was created)
  ✓   33 [webkit] › e2e/ides.spec.ts:4:1 › specifications: create, edit, save, outline, preview, history (9.4s)
  ✓   34 [webkit] › e2e/ides.spec.ts:63:1 › specifications: preview never runs scripts from Markdown (6.1s)
  ✓   35 [webkit] › e2e/ides.spec.ts:84:1 › code intelligence: import folder, search, outline symbols (5.7s)
  ✓   37 [webkit] › e2e/shell.spec.ts:3:1 › skip link, route focus, title and breadcrumb (1.6s)
  ✓   38 [webkit] › e2e/shell.spec.ts:29:1 › command palette searches views and navigates (2.5s)
  ✓   36 [webkit] › e2e/ides.spec.ts:119:1 › workflow: tasks, pinned agent, cycle detection, save (9.9s)
  ✓   40 [webkit] › e2e/shell.spec.ts:61:1 › theme preference persists across reloads (1.3s)
  ✓   39 [webkit] › e2e/shell.spec.ts:44:1 › help dialog opens with ? and returns focus (2.5s)
  ✓   41 [webkit] › e2e/shell.spec.ts:74:1 › unknown route shows a not-found page inside the shell (920ms)
  ✓   42 [webkit] › e2e/shell.spec.ts:89:3 › mobile › navigation drawer (2.3s)
  ✓   43 [webkit] › e2e/shell.spec.ts:113:3 › no horizontal overflow at 320px (5.1s)
  ✓   44 [webkit] › e2e/shell.spec.ts:113:3 › no horizontal overflow at 768px (5.4s)
  ✓   45 [webkit] › e2e/shell.spec.ts:113:3 › no horizontal overflow at 1024px (5.9s)
  ✓   46 [webkit] › e2e/shell.spec.ts:113:3 › no horizontal overflow at 1280px (6.1s)
  ✓   48 [webkit] › e2e/shell.spec.ts:127:1 › mobile breadcrumb labels stay within the header and scope remains compact (981ms)
(node:4125) Warning: The 'NO_COLOR' env is ignored due to the 'FORCE_COLOR' env being set.
(Use `node --trace-warnings ...` to show where the warning was created)
(node:4125) Warning: The 'NO_COLOR' env is ignored due to the 'FORCE_COLOR' env being set.
(Use `node --trace-warnings ...` to show where the warning was created)
PERF / {"lcp":392,"dcl":118,"jsFiles":10,"jsBytes":166754,"editorLoaded":false,"editorResources":[],"totalBytes":269518,"cls":0.001}
  ✓   49 [visual-chromium] › e2e/perf.spec.ts:6:3 › perf / (1.4s)
  ✓   47 [webkit] › e2e/shell.spec.ts:113:3 › no horizontal overflow at 1920px (6.0s)
(node:4247) Warning: The 'NO_COLOR' env is ignored due to the 'FORCE_COLOR' env being set.
(Use `node --trace-warnings ...` to show where the warning was created)
(node:4247) Warning: The 'NO_COLOR' env is ignored due to the 'FORCE_COLOR' env being set.
(Use `node --trace-warnings ...` to show where the warning was created)
PERF /specifications {"lcp":244,"dcl":102,"jsFiles":14,"jsBytes":210280,"editorLoaded":false,"editorResources":[],"totalBytes":291876,"cls":0.001}
  ✓   50 [visual-chromium] › e2e/perf.spec.ts:6:3 › perf /specifications (1.1s)
PERF /code {"lcp":152,"dcl":69,"jsFiles":15,"jsBytes":184936,"editorLoaded":false,"editorResources":[],"totalBytes":266532,"cls":0.002}
  ✓   51 [visual-chromium] › e2e/perf.spec.ts:6:3 › perf /code (1.1s)
PERF /agents {"lcp":160,"dcl":82,"jsFiles":19,"jsBytes":229911,"editorLoaded":false,"editorResources":[],"totalBytes":311507,"cls":0.006}
  ✓   52 [visual-chromium] › e2e/perf.spec.ts:6:3 › perf /agents (1.1s)
PERF /workflow {"lcp":288,"dcl":105,"jsFiles":17,"jsBytes":202313,"editorLoaded":false,"editorResources":[],"totalBytes":283909,"cls":0.031}
  ✓   53 [visual-chromium] › e2e/perf.spec.ts:6:3 › perf /workflow (1.2s)
PERF /execution {"lcp":188,"dcl":102,"jsFiles":19,"jsBytes":223434,"editorLoaded":false,"editorResources":[],"totalBytes":326198,"cls":0.001}
  ✓   54 [visual-chromium] › e2e/perf.spec.ts:6:3 › perf /execution (1.2s)
PERF /definitions/agent {"lcp":288,"dcl":87,"jsFiles":14,"jsBytes":196032,"editorLoaded":false,"editorResources":[],"totalBytes":277628,"cls":0.001}
  ✓   55 [visual-chromium] › e2e/perf.spec.ts:6:3 › perf /definitions/agent (1.1s)
PERF /execution/runs {"lcp":252,"dcl":123,"jsFiles":16,"jsBytes":227997,"editorLoaded":false,"editorResources":[],"totalBytes":309593,"cls":0.001}
  ✓   56 [visual-chromium] › e2e/perf.spec.ts:6:3 › perf /execution/runs (1.1s)
  ✓   57 [visual-chromium] › e2e/visual.spec.ts:19:102 › dark · 390 › visual home (843ms)
  ✓   58 [visual-chromium] › e2e/visual.spec.ts:19:102 › dark · 390 › visual specifications (858ms)
  ✓   59 [visual-chromium] › e2e/visual.spec.ts:19:102 › dark · 390 › visual code (814ms)
  ✓   60 [visual-chromium] › e2e/visual.spec.ts:19:102 › dark · 390 › visual agents (890ms)
  ✓   61 [visual-chromium] › e2e/visual.spec.ts:19:102 › dark · 390 › visual resources (864ms)
  ✓   62 [visual-chromium] › e2e/visual.spec.ts:19:102 › dark · 390 › visual workflow (903ms)
  ✓   63 [visual-chromium] › e2e/visual.spec.ts:19:102 › dark · 390 › visual execution (876ms)
  ✓   64 [visual-chromium] › e2e/visual.spec.ts:19:102 › dark · 390 › visual governance (909ms)
  ✓   65 [visual-chromium] › e2e/visual.spec.ts:19:102 › dark · 390 › visual memory (901ms)
  ✓   66 [visual-chromium] › e2e/visual.spec.ts:19:102 › dark · 390 › visual gateway (859ms)
  ✓   67 [visual-chromium] › e2e/visual.spec.ts:19:102 › dark · 390 › visual collaboration (913ms)
  ✓   68 [visual-chromium] › e2e/visual.spec.ts:19:102 › dark · 390 › visual configuration (889ms)
  ✓   69 [visual-chromium] › e2e/visual.spec.ts:19:102 › dark · 390 › visual identity (871ms)
  ✓   70 [visual-chromium] › e2e/visual.spec.ts:19:102 › dark · 390 › visual tenancy (887ms)
  ✓   71 [visual-chromium] › e2e/visual.spec.ts:19:102 › dark · 390 › visual saas (870ms)
  ✓   72 [visual-chromium] › e2e/visual.spec.ts:19:102 › dark · 390 › visual desktop (842ms)
  ✓   73 [visual-chromium] › e2e/visual.spec.ts:19:102 › dark · 390 › visual observer (825ms)
  ✓   74 [visual-chromium] › e2e/visual.spec.ts:19:102 › dark · 390 › visual connection (794ms)
  ✓   75 [visual-chromium] › e2e/visual.spec.ts:19:102 › dark · 390 › visual sign-in (1.1s)
