npm warn Unknown env config "http-proxy". This will stop working in the next major version of npm.
[WebServer] (node:35) Warning: The 'NO_COLOR' env is ignored due to the 'FORCE_COLOR' env being set.
[WebServer] (Use `node --trace-warnings ...` to show where the warning was created)
[WebServer] npm warn Unknown env config "http-proxy". This will stop working in the next major version of npm.
[WebServer] (node:48) Warning: The 'NO_COLOR' env is ignored due to the 'FORCE_COLOR' env being set.
[WebServer] (Use `node --trace-warnings ...` to show where the warning was created)

Running 48 tests using 2 workers

(node:83) Warning: The 'NO_COLOR' env is ignored due to the 'FORCE_COLOR' env being set.
(Use `node --trace-warnings ...` to show where the warning was created)
(node:82) Warning: The 'NO_COLOR' env is ignored due to the 'FORCE_COLOR' env being set.
(Use `node --trace-warnings ...` to show where the warning was created)
(node:83) Warning: The 'NO_COLOR' env is ignored due to the 'FORCE_COLOR' env being set.
(Use `node --trace-warnings ...` to show where the warning was created)
(node:82) Warning: The 'NO_COLOR' env is ignored due to the 'FORCE_COLOR' env being set.
(Use `node --trace-warnings ...` to show where the warning was created)
  ✓   1 [chromium] › e2e/ides.spec.ts:63:1 › specifications: preview never runs scripts from Markdown (2.3s)
  ✓   2 [chromium] › e2e/ides.spec.ts:4:1 › specifications: create, edit, save, outline, preview, history (5.2s)
  ✓   3 [chromium] › e2e/ides.spec.ts:84:1 › code intelligence: import folder, search, outline symbols (3.4s)
  ✓   5 [chromium] › e2e/shell.spec.ts:3:1 › skip link, route focus, title and breadcrumb (542ms)
  ✓   6 [chromium] › e2e/shell.spec.ts:29:1 › command palette searches views and navigates (1.3s)
  ✓   7 [chromium] › e2e/shell.spec.ts:44:1 › help dialog opens with ? and returns focus (1.2s)
  ✓   8 [chromium] › e2e/shell.spec.ts:61:1 › theme preference persists across reloads (817ms)
  ✓   9 [chromium] › e2e/shell.spec.ts:74:1 › unknown route shows a not-found page inside the shell (216ms)
  ✓   4 [chromium] › e2e/ides.spec.ts:119:1 › workflow: tasks, pinned agent, cycle detection, save (5.1s)
  ✓  10 [chromium] › e2e/shell.spec.ts:89:3 › mobile › navigation drawer (1.1s)
  ✓  11 [chromium] › e2e/shell.spec.ts:113:3 › no horizontal overflow at 320px (3.8s)
  ✓  12 [chromium] › e2e/shell.spec.ts:113:3 › no horizontal overflow at 768px (3.8s)
  ✓  13 [chromium] › e2e/shell.spec.ts:113:3 › no horizontal overflow at 1024px (4.0s)
  ✓  14 [chromium] › e2e/shell.spec.ts:113:3 › no horizontal overflow at 1280px (4.0s)
  ✓  16 [chromium] › e2e/shell.spec.ts:127:1 › mobile breadcrumb labels stay within the header and scope remains compact (217ms)
(node:688) Warning: The 'NO_COLOR' env is ignored due to the 'FORCE_COLOR' env being set.
(Use `node --trace-warnings ...` to show where the warning was created)
(node:688) Warning: The 'NO_COLOR' env is ignored due to the 'FORCE_COLOR' env being set.
(Use `node --trace-warnings ...` to show where the warning was created)
  ✓  15 [chromium] › e2e/shell.spec.ts:113:3 › no horizontal overflow at 1920px (4.0s)
(node:874) Warning: The 'NO_COLOR' env is ignored due to the 'FORCE_COLOR' env being set.
(Use `node --trace-warnings ...` to show where the warning was created)
(node:874) Warning: The 'NO_COLOR' env is ignored due to the 'FORCE_COLOR' env being set.
(Use `node --trace-warnings ...` to show where the warning was created)
