npm warn Unknown env config "http-proxy". This will stop working in the next major version of npm.
[WebServer] (node:33) Warning: The 'NO_COLOR' env is ignored due to the 'FORCE_COLOR' env being set.
[WebServer] (Use `node --trace-warnings ...` to show where the warning was created)
[WebServer] npm warn Unknown env config "http-proxy". This will stop working in the next major version of npm.
[WebServer] (node:46) Warning: The 'NO_COLOR' env is ignored due to the 'FORCE_COLOR' env being set.
[WebServer] (Use `node --trace-warnings ...` to show where the warning was created)

Running 206 tests using 2 workers

(node:80) Warning: The 'NO_COLOR' env is ignored due to the 'FORCE_COLOR' env being set.
(Use `node --trace-warnings ...` to show where the warning was created)
(node:81) Warning: The 'NO_COLOR' env is ignored due to the 'FORCE_COLOR' env being set.
(Use `node --trace-warnings ...` to show where the warning was created)
(node:80) Warning: The 'NO_COLOR' env is ignored due to the 'FORCE_COLOR' env being set.
(Use `node --trace-warnings ...` to show where the warning was created)
(node:81) Warning: The 'NO_COLOR' env is ignored due to the 'FORCE_COLOR' env being set.
(Use `node --trace-warnings ...` to show where the warning was created)
  ✓    2 [chromium] › e2e/ides.spec.ts:63:1 › specifications: preview never runs scripts from Markdown (2.2s)
  ✓    1 [chromium] › e2e/ides.spec.ts:4:1 › specifications: create, edit, save, outline, preview, history (4.7s)
  ✓    3 [chromium] › e2e/ides.spec.ts:84:1 › code intelligence: import folder, search, outline symbols (3.9s)
  ✓    5 [chromium] › e2e/shell.spec.ts:3:1 › skip link, route focus, title and breadcrumb (654ms)
  ✓    6 [chromium] › e2e/shell.spec.ts:33:1 › command palette searches views and navigates (1.4s)
  ✓    7 [chromium] › e2e/shell.spec.ts:51:1 › help dialog opens with ? and returns focus (1.4s)
  ✓    8 [chromium] › e2e/shell.spec.ts:68:1 › theme preference persists across reloads (450ms)
  ✓    4 [chromium] › e2e/ides.spec.ts:119:1 › workflow: tasks, pinned agent, cycle detection, save (5.5s)
  ✓    9 [chromium] › e2e/shell.spec.ts:81:1 › unknown route shows a not-found page inside the shell (253ms)
  ✓   10 [chromium] › e2e/shell.spec.ts:96:3 › mobile › navigation drawer (1.2s)
  ✓   11 [chromium] › e2e/shell.spec.ts:120:3 › no horizontal overflow at 320px (4.0s)
  ✓   12 [chromium] › e2e/shell.spec.ts:120:3 › no horizontal overflow at 768px (4.1s)
  ✓   13 [chromium] › e2e/shell.spec.ts:120:3 › no horizontal overflow at 1024px (4.3s)
  ✓   14 [chromium] › e2e/shell.spec.ts:120:3 › no horizontal overflow at 1280px (4.0s)
  ✓   16 [chromium] › e2e/shell.spec.ts:134:1 › mobile breadcrumb labels stay within the header and scope remains compact (263ms)
(node:680) Warning: The 'NO_COLOR' env is ignored due to the 'FORCE_COLOR' env being set.
(Use `node --trace-warnings ...` to show where the warning was created)
(node:680) Warning: The 'NO_COLOR' env is ignored due to the 'FORCE_COLOR' env being set.
(Use `node --trace-warnings ...` to show where the warning was created)
  ✓   15 [chromium] › e2e/shell.spec.ts:120:3 › no horizontal overflow at 1920px (4.0s)
(node:866) Warning: The 'NO_COLOR' env is ignored due to the 'FORCE_COLOR' env being set.
(Use `node --trace-warnings ...` to show where the warning was created)
(node:866) Warning: The 'NO_COLOR' env is ignored due to the 'FORCE_COLOR' env being set.
(Use `node --trace-warnings ...` to show where the warning was created)
  ✓   17 [firefox] › e2e/ides.spec.ts:4:1 › specifications: create, edit, save, outline, preview, history (6.9s)
  ✓   18 [firefox] › e2e/ides.spec.ts:63:1 › specifications: preview never runs scripts from Markdown (4.5s)
  ✓   19 [firefox] › e2e/ides.spec.ts:84:1 › code intelligence: import folder, search, outline symbols (4.9s)
  ✓   21 [firefox] › e2e/shell.spec.ts:3:1 › skip link, route focus, title and breadcrumb (970ms)
  ✓   22 [firefox] › e2e/shell.spec.ts:33:1 › command palette searches views and navigates (2.4s)
  ✓   20 [firefox] › e2e/ides.spec.ts:119:1 › workflow: tasks, pinned agent, cycle detection, save (7.8s)
  ✓   24 [firefox] › e2e/shell.spec.ts:68:1 › theme preference persists across reloads (1.1s)
  ✓   23 [firefox] › e2e/shell.spec.ts:51:1 › help dialog opens with ? and returns focus (2.0s)
  ✓   25 [firefox] › e2e/shell.spec.ts:81:1 › unknown route shows a not-found page inside the shell (547ms)
  ✓   26 [firefox] › e2e/shell.spec.ts:96:3 › mobile › navigation drawer (2.0s)
  ✓   27 [firefox] › e2e/shell.spec.ts:120:3 › no horizontal overflow at 320px (5.7s)
  ✓   28 [firefox] › e2e/shell.spec.ts:120:3 › no horizontal overflow at 768px (5.9s)
  ✓   29 [firefox] › e2e/shell.spec.ts:120:3 › no horizontal overflow at 1024px (6.0s)
