npm warn Unknown env config "http-proxy". This will stop working in the next major version of npm.

> atlas-web@1.0.0-rc.1 build:review
> npm run typecheck && vite build --mode review --outDir dist-review

npm warn Unknown env config "http-proxy". This will stop working in the next major version of npm.

> atlas-web@1.0.0-rc.1 typecheck
> tsc -p tsconfig.json --noEmit && tsc -p tsconfig.node.json

vite v8.3.2 building client environment for review...

 WARN  advancedChunks option is deprecated, please use codeSplitting instead.

transforming...
✓ 3447 modules transformed.
rendering chunks...
computing gzip size...
dist-review/telemetry-console.html                                            0.84 kB │ gzip:   0.44 kB
dist-review/assets/jetbrains-mono-cyrillic-ext-400-normal-C_uLvvQ5.woff2      1.16 kB
dist-review/assets/jetbrains-mono-cyrillic-ext-500-normal-C9ShMxGR.woff2      1.17 kB
dist-review/index.html                                                        1.23 kB │ gzip:   0.54 kB
dist-review/assets/jetbrains-mono-cyrillic-ext-500-normal-CEVyPk4Y.woff       1.74 kB
dist-review/assets/jetbrains-mono-cyrillic-ext-400-normal-Bh0R7Dhr.woff       1.74 kB
dist-review/assets/jetbrains-mono-vietnamese-400-normal-ByoDsISC.woff2        3.92 kB
dist-review/assets/jetbrains-mono-vietnamese-500-normal-BvH7FW2L.woff2        4.04 kB
dist-review/assets/jetbrains-mono-greek-400-normal-C190GLew.woff2             4.22 kB
dist-review/assets/jetbrains-mono-greek-500-normal-JpySY46c.woff2             4.28 kB
dist-review/assets/jetbrains-mono-cyrillic-400-normal-BEIGL1Tu.woff2          5.32 kB
dist-review/assets/jetbrains-mono-cyrillic-500-normal-DmUKJPL_.woff2          5.35 kB
dist-review/assets/jetbrains-mono-vietnamese-400-normal-CqNFfHCs.woff         5.37 kB
dist-review/assets/jetbrains-mono-vietnamese-500-normal-DNRqzVM1.woff         5.47 kB
dist-review/assets/jetbrains-mono-greek-400-normal-B9oWc5Lo.woff              5.66 kB
dist-review/assets/jetbrains-mono-greek-500-normal-D7SFKleX.woff              5.72 kB
dist-review/assets/jetbrains-mono-cyrillic-400-normal-ugxPyKxw.woff           6.97 kB
dist-review/assets/jetbrains-mono-cyrillic-500-normal-DJqRU3vO.woff           7.02 kB
dist-review/assets/jetbrains-mono-latin-ext-400-normal-Bc8Ftmh3.woff2         7.33 kB
dist-review/assets/jetbrains-mono-latin-ext-500-normal-Cut-4mMH.woff2         7.52 kB
dist-review/assets/jetbrains-mono-latin-ext-400-normal-fXTG6kC5.woff         10.12 kB
dist-review/assets/inter-vietnamese-wght-normal-CBcvBZtf.woff2               10.25 kB
dist-review/assets/jetbrains-mono-latin-ext-500-normal-ckzbgY84.woff         10.33 kB
dist-review/assets/inter-greek-ext-wght-normal-DlzME5K_.woff2                11.23 kB
dist-review/assets/inter-cyrillic-wght-normal-DqGufNeO.woff2                 18.74 kB
dist-review/assets/inter-greek-wght-normal-CkhJZR-_.woff2                    18.99 kB
dist-review/assets/jetbrains-mono-latin-400-normal-V6pRDFza.woff2            21.16 kB
dist-review/assets/jetbrains-mono-latin-500-normal-BWZEU5yA.woff2            21.83 kB
dist-review/assets/inter-cyrillic-ext-wght-normal-BOeWTOD4.woff2             25.96 kB
dist-review/assets/jetbrains-mono-latin-400-normal-6-qcROiO.woff             27.49 kB
dist-review/assets/jetbrains-mono-latin-500-normal-CJOVTJB7.woff             28.20 kB
dist-review/assets/inter-latin-wght-normal-Dx4kXJAl.woff2                    48.25 kB
dist-review/assets/inter-latin-ext-wght-normal-DO1Apj_S.woff2                85.06 kB
dist-review/assets/codicon-ngg6Pgfi.ttf                                     121.97 kB
dist-review/assets/editor.worker-O-CH8JUO.js                                280.57 kB
dist-review/assets/workspace-B-Gn59ZV.css                                     2.16 kB │ gzip:   0.65 kB
dist-review/assets/LiveTerminal-B1njb2Cr.css                                  3.96 kB │ gzip:   1.02 kB
dist-review/assets/TaskGraph-DLioOiRN.css                                    15.41 kB │ gzip:   2.56 kB
dist-review/assets/ui-DUMXGTqy.css                                           55.56 kB │ gzip:  10.34 kB
dist-review/assets/CodeEditor-BBlRgZ6L.css                                   71.54 kB │ gzip:  11.62 kB
dist-review/assets/editor-DSBK4mQa.css                                       74.48 kB │ gzip:  11.69 kB
dist-review/assets/ModuleLanding-vxby5IDr.js                                  0.48 kB │ gzip:   0.29 kB
dist-review/assets/javascript-WCcRjGB7.js                                     0.68 kB │ gzip:   0.41 kB
dist-review/assets/LazyTaskGraph-BjJDauVc.js                                  0.69 kB │ gzip:   0.41 kB
dist-review/assets/rolldown-runtime-hePW80VL.js                               0.71 kB │ gzip:   0.42 kB
dist-review/assets/format-A2Y5zJrE.js                                         0.74 kB │ gzip:   0.46 kB
dist-review/assets/NativeStatePanels-FIjSOOwY.js                              0.82 kB │ gzip:   0.38 kB
dist-review/assets/DefinitionTypePage-BzYx_CR0.js                             0.86 kB │ gzip:   0.49 kB
dist-review/assets/hooks-DIxwFW1a.js                                          0.88 kB │ gzip:   0.43 kB
dist-review/assets/LazyCodeEditor-Qg5WSZUk.js                                 1.27 kB │ gzip:   0.70 kB
dist-review/assets/LifecycleBody-1cLPKLMU.js                                  1.64 kB │ gzip:   0.83 kB
dist-review/assets/SchemaSceneForm-BdxV5JGR.js                                1.67 kB │ gzip:   0.92 kB
dist-review/assets/secret-policy-CB4Epevx.js                                  1.92 kB │ gzip:   1.02 kB
dist-review/assets/xml-BQ_9IhoT.js                                            1.95 kB │ gzip:   0.75 kB
dist-review/assets/NativeState-CcSYx0iZ.js                                    2.50 kB │ gzip:   1.20 kB
dist-review/assets/CollaborationWorkspace-Dpnau1Kp.js                         2.78 kB │ gzip:   1.31 kB
dist-review/assets/definitions-BRy0Nffh.js                                    2.84 kB │ gzip:   1.27 kB
dist-review/assets/DefinitionsCatalog-K403X9tV.js                             2.85 kB │ gzip:   1.32 kB
dist-review/assets/NotificationInbox-CA-K2fvf.js                              3.03 kB │ gzip:   1.33 kB
dist-review/assets/ExecutionPage-CRNz2CO7.js                                  3.24 kB │ gzip:   1.43 kB
dist-review/assets/stream-nWv55v0z.js                                         3.33 kB │ gzip:   1.56 kB
dist-review/assets/markdown-Cimd5fb3.js                                       3.63 kB │ gzip:   1.34 kB
dist-review/assets/NativeStatePage-DTYto2gc.js                                3.64 kB │ gzip:   1.71 kB
dist-review/assets/DocTree-BtESD_JU.js                                        3.92 kB │ gzip:   1.71 kB
dist-review/assets/Overview-DDMoSUvz.js                                       4.11 kB │ gzip:   1.53 kB
dist-review/assets/css-DIMkf-bt.js                                            4.36 kB │ gzip:   1.33 kB
dist-review/assets/html-B97lRXEC.js                                           4.55 kB │ gzip:   1.17 kB
dist-review/assets/typescript-CsqHj4ni.js                                     4.70 kB │ gzip:   1.96 kB
dist-review/assets/ConnectionPage-D47yN52c.js                                 5.95 kB │ gzip:   2.35 kB
dist-review/assets/storage-DC0A14Ca.js                                        6.23 kB │ gzip:   2.46 kB
dist-review/assets/SrsDetails-DU9a-zxw.js                                     6.37 kB │ gzip:   2.54 kB
dist-review/assets/common-CGqaRSFA.js                                         6.99 kB │ gzip:   2.35 kB
dist-review/assets/validate-C3aX_PH8.js                                       9.91 kB │ gzip:   3.65 kB
dist-review/assets/X01-Bm8azYMQ.js                                           10.44 kB │ gzip:   2.36 kB
dist-review/assets/J09-BaxLzDdD.js                                           12.36 kB │ gzip:   2.43 kB
dist-review/assets/X02-2cf51oJJ.js                                           12.79 kB │ gzip:   2.70 kB
dist-review/assets/DraftModulePage-Bt_oUI37.js                               14.43 kB │ gzip:   4.99 kB
dist-review/assets/X03-D376fY2W.js                                           15.73 kB │ gzip:   2.98 kB
dist-review/assets/X05-Dt93ybyD.js                                           17.66 kB │ gzip:   3.66 kB
dist-review/assets/DefinitionWorkspace-DdWYeAMa.js                           18.45 kB │ gzip:   6.06 kB
dist-review/assets/CodePage-BWrpBdrG.js                                      18.47 kB │ gzip:   6.80 kB
dist-review/assets/ExecutionWorkspace-gyvSpfVA.js                            18.86 kB │ gzip:   6.51 kB
dist-review/assets/ServiceModulePage-Cz8fXl4r.js                             21.23 kB │ gzip:   6.66 kB
dist-review/assets/observer-BLk7ejvt.js                                      23.01 kB │ gzip:   6.60 kB
dist-review/assets/WorkflowPage-Cbt1wpnd.js                                  23.54 kB │ gzip:   7.34 kB
dist-review/assets/ViewPage-Dm80Uev5.js                                      23.57 kB │ gzip:   6.37 kB
dist-review/assets/service-query-CuP9xN7t.js                                 24.54 kB │ gzip:   7.23 kB
dist-review/assets/X07-0UxF56Jj.js                                           25.20 kB │ gzip:   3.62 kB
dist-review/assets/native-states-BDXdceFo.js                                 29.84 kB │ gzip:   8.91 kB
dist-review/assets/J11-D6e92Em9.js                                           30.29 kB │ gzip:   4.18 kB
dist-review/assets/X06-CDShrDwV.js                                           38.59 kB │ gzip:   4.63 kB
dist-review/assets/ui-BBEy44qX.js                                            39.37 kB │ gzip:  13.48 kB
dist-review/assets/J14-BO-d4LAI.js                                           42.10 kB │ gzip:   6.26 kB
dist-review/assets/X04-B38RGuJt.js                                           45.82 kB │ gzip:   5.48 kB
dist-review/assets/J05-VUGULZiy.js                                           48.05 kB │ gzip:   7.24 kB
dist-review/assets/lifecycles-BK5i1G0i.js                                    49.63 kB │ gzip:   9.57 kB
dist-review/assets/source-actions-bGCVBVUK.js                                50.18 kB │ gzip:   9.68 kB
dist-review/assets/J12-Cmk1pnGl.js                                           50.19 kB │ gzip:   5.93 kB
dist-review/assets/J06-CxL_B-1n.js                                           53.70 kB │ gzip:   6.27 kB
dist-review/assets/journeys-Cf9Dd-I8.js                                      54.01 kB │ gzip:  13.35 kB
dist-review/assets/radix-Bqw9BC-B.js                                         62.38 kB │ gzip:  20.74 kB
dist-review/assets/J02-DfEq5OBL.js                                           65.40 kB │ gzip:   8.52 kB
dist-review/assets/X08-B0YwC4y2.js                                           72.80 kB │ gzip:   5.95 kB
dist-review/assets/J08-DtVWm6G7.js                                           78.77 kB │ gzip:   8.92 kB
dist-review/assets/J01-zL1EyimJ.js                                           85.34 kB │ gzip:  10.91 kB
dist-review/assets/J10-Bf7h0gFb.js                                           88.20 kB │ gzip:   7.51 kB
dist-review/assets/J07-CpyxcVrW.js                                           92.11 kB │ gzip:   8.83 kB
dist-review/assets/collaboration-Dui9oiiu.js                                 93.52 kB │ gzip:  28.62 kB
dist-review/assets/SpecificationsPage-BTFUJ5JP.js                           100.77 kB │ gzip:  33.44 kB
dist-review/assets/workspace-CFTvRkNZ.js                                    115.35 kB │ gzip:  27.03 kB
dist-review/assets/J04-BIC-y9NS.js                                          129.25 kB │ gzip:  15.65 kB
dist-review/assets/TaskGraph-Bz8G97bv.js                                    180.19 kB │ gzip:  58.15 kB
dist-review/assets/J13-CrQ4Vvqh.js                                          187.70 kB │ gzip:  19.80 kB
dist-review/assets/scene-index-DnykmSxS.js                                  187.76 kB │ gzip:  24.04 kB
dist-review/assets/J03-DUSpZvfX.js                                          190.54 kB │ gzip:  22.59 kB
dist-review/assets/views-tmt-_cZN.js                                        253.84 kB │ gzip:  18.88 kB
dist-review/assets/react-BzUSLvjY.js                                        312.43 kB │ gzip:  98.50 kB
dist-review/assets/schemas-B0lsjKeu.js                                      331.10 kB │ gzip:  22.43 kB
dist-review/assets/LiveTerminal-B_JvhM7I.js                                 335.55 kB │ gzip:  84.71 kB
dist-review/assets/CodeEditor-FDpuBiaF.js                                 1,083.83 kB │ gzip: 274.85 kB
dist-review/assets/editor.api2-CHymt6O3.js                                2,555.39 kB │ gzip: 660.21 kB

[plugin builtin:vite-reporter] 
(!) Some chunks are larger than 600 kB after minification. Consider:
- Using dynamic import() to code-split the application
- Use build.rolldownOptions.output.codeSplitting to improve chunking: https://rolldown.rs/reference/OutputOptions.codeSplitting
- Adjust chunk size limit for this warning via build.chunkSizeWarningLimit.
✓ built in 1.23s
