npm warn Unknown env config "http-proxy". This will stop working in the next major version of npm.
[2m[WebServer] [22m(node:143108) Warning: The 'NO_COLOR' env is ignored due to the 'FORCE_COLOR' env being set.
[2m[WebServer] [22m(Use `node --trace-warnings ...` to show where the warning was created)
[2m[WebServer] [22mnpm warn Unknown env config "http-proxy". This will stop working in the next major version of npm.
[2m[WebServer] [22m(node:143121) Warning: The 'NO_COLOR' env is ignored due to the 'FORCE_COLOR' env being set.
[2m[WebServer] [22m(Use `node --trace-warnings ...` to show where the warning was created)

Running 158 tests using 2 workers

(node:143155) Warning: The 'NO_COLOR' env is ignored due to the 'FORCE_COLOR' env being set.
(Use `node --trace-warnings ...` to show where the warning was created)
(node:143156) Warning: The 'NO_COLOR' env is ignored due to the 'FORCE_COLOR' env being set.
(Use `node --trace-warnings ...` to show where the warning was created)
(node:143155) Warning: The 'NO_COLOR' env is ignored due to the 'FORCE_COLOR' env being set.
(Use `node --trace-warnings ...` to show where the warning was created)
(node:143156) Warning: The 'NO_COLOR' env is ignored due to the 'FORCE_COLOR' env being set.
(Use `node --trace-warnings ...` to show where the warning was created)
PERF / {"lcp":280,"dcl":146,"jsFiles":10,"jsBytes":166977,"editorLoaded":false,"editorResources":[],"totalBytes":269742,"cls":0.001}
  ✓    1 [visual-chromium] › e2e/perf.spec.ts:6:3 › perf / (1.3s)
PERF /specifications {"lcp":364,"dcl":126,"jsFiles":14,"jsBytes":210527,"editorLoaded":false,"editorResources":[],"totalBytes":292124,"cls":0.001}
  ✓    2 [visual-chromium] › e2e/perf.spec.ts:6:3 › perf /specifications (1.3s)
PERF /code {"lcp":256,"dcl":146,"jsFiles":16,"jsBytes":186370,"editorLoaded":false,"editorResources":[],"totalBytes":267967,"cls":0.002}
  ✓    3 [visual-chromium] › e2e/perf.spec.ts:6:3 › perf /code (1.2s)
PERF /agents {"lcp":332,"dcl":148,"jsFiles":20,"jsBytes":231537,"editorLoaded":false,"editorResources":[],"totalBytes":313134,"cls":0.006}
  ✓    4 [visual-chromium] › e2e/perf.spec.ts:6:3 › perf /agents (1.3s)
PERF /workflow {"lcp":208,"dcl":97,"jsFiles":18,"jsBytes":203846,"editorLoaded":false,"editorResources":[],"totalBytes":285443,"cls":0.031}
  ✓    5 [visual-chromium] › e2e/perf.spec.ts:6:3 › perf /workflow (1.2s)
PERF /execution {"lcp":260,"dcl":107,"jsFiles":19,"jsBytes":223778,"editorLoaded":false,"editorResources":[],"totalBytes":326543,"cls":0.001}
  ✓    6 [visual-chromium] › e2e/perf.spec.ts:6:3 › perf /execution (1.2s)
PERF /definitions/agent {"lcp":608,"dcl":80,"jsFiles":15,"jsBytes":197547,"editorLoaded":false,"editorResources":[],"totalBytes":279144,"cls":0.001}
  ✓    7 [visual-chromium] › e2e/perf.spec.ts:6:3 › perf /definitions/agent (1.4s)
PERF /execution/runs {"lcp":280,"dcl":141,"jsFiles":16,"jsBytes":228249,"editorLoaded":false,"editorResources":[],"totalBytes":309846,"cls":0.001}
  ✓    8 [visual-chromium] › e2e/perf.spec.ts:6:3 › perf /execution/runs (1.6s)
  ✓    9 [visual-chromium] › e2e/visual.spec.ts:19:102 › dark · 390 › visual home (951ms)
  ✓   10 [visual-chromium] › e2e/visual.spec.ts:19:102 › dark · 390 › visual specifications (1.1s)
  ✓   11 [visual-chromium] › e2e/visual.spec.ts:19:102 › dark · 390 › visual code (948ms)
  ✓   12 [visual-chromium] › e2e/visual.spec.ts:19:102 › dark · 390 › visual agents (1.0s)
  ✓   13 [visual-chromium] › e2e/visual.spec.ts:19:102 › dark · 390 › visual resources (1.0s)
  ✓   14 [visual-chromium] › e2e/visual.spec.ts:19:102 › dark · 390 › visual workflow (982ms)
  ✓   15 [visual-chromium] › e2e/visual.spec.ts:19:102 › dark · 390 › visual execution (1.1s)
  ✓   16 [visual-chromium] › e2e/visual.spec.ts:19:102 › dark · 390 › visual governance (893ms)
  ✓   17 [visual-chromium] › e2e/visual.spec.ts:19:102 › dark · 390 › visual memory (877ms)
  ✓   18 [visual-chromium] › e2e/visual.spec.ts:19:102 › dark · 390 › visual gateway (882ms)
  ✓   19 [visual-chromium] › e2e/visual.spec.ts:19:102 › dark · 390 › visual collaboration (899ms)
  ✓   20 [visual-chromium] › e2e/visual.spec.ts:19:102 › dark · 390 › visual configuration (895ms)
  ✓   21 [visual-chromium] › e2e/visual.spec.ts:19:102 › dark · 390 › visual identity (885ms)
  ✓   22 [visual-chromium] › e2e/visual.spec.ts:19:102 › dark · 390 › visual tenancy (878ms)
  ✓   23 [visual-chromium] › e2e/visual.spec.ts:19:102 › dark · 390 › visual saas (911ms)
  ✓   24 [visual-chromium] › e2e/visual.spec.ts:19:102 › dark · 390 › visual desktop (883ms)
  ✓   25 [visual-chromium] › e2e/visual.spec.ts:19:102 › dark · 390 › visual observer (894ms)
  ✓   26 [visual-chromium] › e2e/visual.spec.ts:19:102 › dark · 390 › visual connection (813ms)
  ✓   27 [visual-chromium] › e2e/visual.spec.ts:19:102 › dark · 390 › visual sign-in (1.1s)
  ✓   28 [visual-chromium] › e2e/visual.spec.ts:19:102 › dark · 390 › visual sign-in/help (1.1s)
  ✓   29 [visual-chromium] › e2e/visual.spec.ts:19:102 › dark · 390 › visual invitations (1.1s)
  ✓   30 [visual-chromium] › e2e/visual.spec.ts:19:102 › dark · 390 › visual observer/sign-in (816ms)
  ✓   32 [visual-chromium] › e2e/visual.spec.ts:31:64 › dark · 390 › visual open code (1.5s)
  ✓   31 [visual-chromium] › e2e/visual.spec.ts:31:64 › dark · 390 › visual open specifications (2.0s)
  ✓   33 [visual-chromium] › e2e/visual.spec.ts:31:64 › dark · 390 › visual open agents (1.0s)
  ✓   34 [visual-chromium] › e2e/visual.spec.ts:19:102 › dark · 1024 › visual home (910ms)
  ✓   35 [visual-chromium] › e2e/visual.spec.ts:19:102 › dark · 1024 › visual specifications (945ms)
  ✓   36 [visual-chromium] › e2e/visual.spec.ts:19:102 › dark · 1024 › visual code (1.0s)
  ✓   37 [visual-chromium] › e2e/visual.spec.ts:19:102 › dark · 1024 › visual agents (1.0s)
  ✓   38 [visual-chromium] › e2e/visual.spec.ts:19:102 › dark · 1024 › visual resources (982ms)
  ✓   39 [visual-chromium] › e2e/visual.spec.ts:19:102 › dark · 1024 › visual workflow (971ms)
  ✓   40 [visual-chromium] › e2e/visual.spec.ts:19:102 › dark · 1024 › visual execution (1.0s)
  ✓   41 [visual-chromium] › e2e/visual.spec.ts:19:102 › dark · 1024 › visual governance (993ms)
  ✓   42 [visual-chromium] › e2e/visual.spec.ts:19:102 › dark · 1024 › visual memory (1.1s)
  ✓   43 [visual-chromium] › e2e/visual.spec.ts:19:102 › dark · 1024 › visual gateway (1.0s)
  ✓   44 [visual-chromium] › e2e/visual.spec.ts:19:102 › dark · 1024 › visual collaboration (1.1s)
  ✓   45 [visual-chromium] › e2e/visual.spec.ts:19:102 › dark · 1024 › visual configuration (1.0s)
  ✓   46 [visual-chromium] › e2e/visual.spec.ts:19:102 › dark · 1024 › visual identity (1.0s)
  ✓   47 [visual-chromium] › e2e/visual.spec.ts:19:102 › dark · 1024 › visual tenancy (976ms)
  ✓   48 [visual-chromium] › e2e/visual.spec.ts:19:102 › dark · 1024 › visual saas (918ms)
  ✓   49 [visual-chromium] › e2e/visual.spec.ts:19:102 › dark · 1024 › visual desktop (904ms)
  ✓   50 [visual-chromium] › e2e/visual.spec.ts:19:102 › dark · 1024 › visual observer (951ms)
  ✓   51 [visual-chromium] › e2e/visual.spec.ts:19:102 › dark · 1024 › visual connection (900ms)
  ✓   52 [visual-chromium] › e2e/visual.spec.ts:19:102 › dark · 1024 › visual sign-in (1.2s)
  ✓   53 [visual-chromium] › e2e/visual.spec.ts:19:102 › dark · 1024 › visual sign-in/help (1.2s)
  ✓   55 [visual-chromium] › e2e/visual.spec.ts:19:102 › dark · 1024 › visual observer/sign-in (900ms)
  ✓   54 [visual-chromium] › e2e/visual.spec.ts:19:102 › dark · 1024 › visual invitations (1.2s)
  ✓   57 [visual-chromium] › e2e/visual.spec.ts:31:64 › dark · 1024 › visual open code (2.1s)
  ✓   56 [visual-chromium] › e2e/visual.spec.ts:31:64 › dark · 1024 › visual open specifications (2.3s)
  ✓   59 [visual-chromium] › e2e/visual.spec.ts:19:102 › dark · 1440 › visual home (1.1s)
  ✓   58 [visual-chromium] › e2e/visual.spec.ts:31:64 › dark · 1024 › visual open agents (1.4s)
  ✓   60 [visual-chromium] › e2e/visual.spec.ts:19:102 › dark · 1440 › visual specifications (1.0s)
  ✓   61 [visual-chromium] › e2e/visual.spec.ts:19:102 › dark · 1440 › visual code (957ms)
  ✓   62 [visual-chromium] › e2e/visual.spec.ts:19:102 › dark · 1440 › visual agents (1.1s)
  ✓   63 [visual-chromium] › e2e/visual.spec.ts:19:102 › dark · 1440 › visual resources (1.1s)
  ✓   64 [visual-chromium] › e2e/visual.spec.ts:19:102 › dark · 1440 › visual workflow (1.1s)
  ✓   65 [visual-chromium] › e2e/visual.spec.ts:19:102 › dark · 1440 › visual execution (1.1s)
  ✓   66 [visual-chromium] › e2e/visual.spec.ts:19:102 › dark · 1440 › visual governance (1.1s)
  ✓   67 [visual-chromium] › e2e/visual.spec.ts:19:102 › dark · 1440 › visual memory (1.2s)
  ✓   68 [visual-chromium] › e2e/visual.spec.ts:19:102 › dark · 1440 › visual gateway (1.0s)
  ✓   69 [visual-chromium] › e2e/visual.spec.ts:19:102 › dark · 1440 › visual collaboration (1.2s)
  ✓   70 [visual-chromium] › e2e/visual.spec.ts:19:102 › dark · 1440 › visual configuration (1.0s)
  ✓   71 [visual-chromium] › e2e/visual.spec.ts:19:102 › dark · 1440 › visual identity (1.0s)
  ✓   72 [visual-chromium] › e2e/visual.spec.ts:19:102 › dark · 1440 › visual tenancy (1.3s)
  ✓   73 [visual-chromium] › e2e/visual.spec.ts:19:102 › dark · 1440 › visual saas (1.0s)
  ✓   74 [visual-chromium] › e2e/visual.spec.ts:19:102 › dark · 1440 › visual desktop (1.0s)
  ✓   75 [visual-chromium] › e2e/visual.spec.ts:19:102 › dark · 1440 › visual observer (1.0s)
  ✓   76 [visual-chromium] › e2e/visual.spec.ts:19:102 › dark · 1440 › visual connection (1.0s)
  ✓   77 [visual-chromium] › e2e/visual.spec.ts:19:102 › dark · 1440 › visual sign-in (1.2s)
  ✓   78 [visual-chromium] › e2e/visual.spec.ts:19:102 › dark · 1440 › visual sign-in/help (1.1s)
  ✓   79 [visual-chromium] › e2e/visual.spec.ts:19:102 › dark · 1440 › visual invitations (1.2s)
  ✓   80 [visual-chromium] › e2e/visual.spec.ts:19:102 › dark · 1440 › visual observer/sign-in (910ms)
  ✓   81 [visual-chromium] › e2e/visual.spec.ts:31:64 › dark · 1440 › visual open specifications (1.6s)
  ✓   82 [visual-chromium] › e2e/visual.spec.ts:31:64 › dark · 1440 › visual open code (1.7s)
  ✓   83 [visual-chromium] › e2e/visual.spec.ts:31:64 › dark · 1440 › visual open agents (1.3s)
  ✓   84 [visual-chromium] › e2e/visual.spec.ts:19:102 › light · 390 › visual home (868ms)
  ✓   85 [visual-chromium] › e2e/visual.spec.ts:19:102 › light · 390 › visual specifications (789ms)
  ✓   86 [visual-chromium] › e2e/visual.spec.ts:19:102 › light · 390 › visual code (828ms)
  ✓   87 [visual-chromium] › e2e/visual.spec.ts:19:102 › light · 390 › visual agents (854ms)
  ✓   88 [visual-chromium] › e2e/visual.spec.ts:19:102 › light · 390 › visual resources (864ms)
  ✓   89 [visual-chromium] › e2e/visual.spec.ts:19:102 › light · 390 › visual workflow (883ms)
  ✓   90 [visual-chromium] › e2e/visual.spec.ts:19:102 › light · 390 › visual execution (931ms)
  ✓   91 [visual-chromium] › e2e/visual.spec.ts:19:102 › light · 390 › visual governance (1.0s)
  ✓   92 [visual-chromium] › e2e/visual.spec.ts:19:102 › light · 390 › visual memory (951ms)
  ✓   93 [visual-chromium] › e2e/visual.spec.ts:19:102 › light · 390 › visual gateway (967ms)
  ✓   94 [visual-chromium] › e2e/visual.spec.ts:19:102 › light · 390 › visual collaboration (1.0s)
  ✓   95 [visual-chromium] › e2e/visual.spec.ts:19:102 › light · 390 › visual configuration (1.0s)
  ✓   96 [visual-chromium] › e2e/visual.spec.ts:19:102 › light · 390 › visual identity (1.2s)
  ✓   97 [visual-chromium] › e2e/visual.spec.ts:19:102 › light · 390 › visual tenancy (1.1s)
  ✓   98 [visual-chromium] › e2e/visual.spec.ts:19:102 › light · 390 › visual saas (924ms)
  ✓   99 [visual-chromium] › e2e/visual.spec.ts:19:102 › light · 390 › visual desktop (875ms)
  ✓  100 [visual-chromium] › e2e/visual.spec.ts:19:102 › light · 390 › visual observer (873ms)
  ✓  101 [visual-chromium] › e2e/visual.spec.ts:19:102 › light · 390 › visual connection (837ms)
  ✓  102 [visual-chromium] › e2e/visual.spec.ts:19:102 › light · 390 › visual sign-in (1.1s)
  ✓  103 [visual-chromium] › e2e/visual.spec.ts:19:102 › light · 390 › visual sign-in/help (1.1s)
  ✓  104 [visual-chromium] › e2e/visual.spec.ts:19:102 › light · 390 › visual invitations (1.1s)
  ✓  105 [visual-chromium] › e2e/visual.spec.ts:19:102 › light · 390 › visual observer/sign-in (755ms)
  ✓  107 [visual-chromium] › e2e/visual.spec.ts:31:64 › light · 390 › visual open code (1.6s)
  ✓  106 [visual-chromium] › e2e/visual.spec.ts:31:64 › light · 390 › visual open specifications (1.9s)
  ✓  109 [visual-chromium] › e2e/visual.spec.ts:19:102 › light · 1024 › visual home (924ms)
  ✓  108 [visual-chromium] › e2e/visual.spec.ts:31:64 › light · 390 › visual open agents (1.1s)
  ✓  110 [visual-chromium] › e2e/visual.spec.ts:19:102 › light · 1024 › visual specifications (928ms)
  ✓  111 [visual-chromium] › e2e/visual.spec.ts:19:102 › light · 1024 › visual code (938ms)
  ✓  112 [visual-chromium] › e2e/visual.spec.ts:19:102 › light · 1024 › visual agents (1.0s)
  ✓  113 [visual-chromium] › e2e/visual.spec.ts:19:102 › light · 1024 › visual resources (1.0s)
  ✓  114 [visual-chromium] › e2e/visual.spec.ts:19:102 › light · 1024 › visual workflow (1.1s)
  ✓  115 [visual-chromium] › e2e/visual.spec.ts:19:102 › light · 1024 › visual execution (1.2s)
  ✓  116 [visual-chromium] › e2e/visual.spec.ts:19:102 › light · 1024 › visual governance (974ms)
  ✓  117 [visual-chromium] › e2e/visual.spec.ts:19:102 › light · 1024 › visual memory (1.1s)
  ✓  118 [visual-chromium] › e2e/visual.spec.ts:19:102 › light · 1024 › visual gateway (978ms)
  ✓  119 [visual-chromium] › e2e/visual.spec.ts:19:102 › light · 1024 › visual collaboration (1.2s)
  ✓  120 [visual-chromium] › e2e/visual.spec.ts:19:102 › light · 1024 › visual configuration (987ms)
  ✓  121 [visual-chromium] › e2e/visual.spec.ts:19:102 › light · 1024 › visual identity (928ms)
  ✓  122 [visual-chromium] › e2e/visual.spec.ts:19:102 › light · 1024 › visual tenancy (977ms)
  ✓  123 [visual-chromium] › e2e/visual.spec.ts:19:102 › light · 1024 › visual saas (968ms)
  ✓  124 [visual-chromium] › e2e/visual.spec.ts:19:102 › light · 1024 › visual desktop (926ms)
  ✓  125 [visual-chromium] › e2e/visual.spec.ts:19:102 › light · 1024 › visual observer (1.0s)
  ✓  126 [visual-chromium] › e2e/visual.spec.ts:19:102 › light · 1024 › visual connection (874ms)
  ✓  127 [visual-chromium] › e2e/visual.spec.ts:19:102 › light · 1024 › visual sign-in (1.2s)
  ✓  128 [visual-chromium] › e2e/visual.spec.ts:19:102 › light · 1024 › visual sign-in/help (1.1s)
  ✓  129 [visual-chromium] › e2e/visual.spec.ts:19:102 › light · 1024 › visual invitations (1.2s)
  ✓  130 [visual-chromium] › e2e/visual.spec.ts:19:102 › light · 1024 › visual observer/sign-in (898ms)
  ✓  132 [visual-chromium] › e2e/visual.spec.ts:31:64 › light · 1024 › visual open code (1.9s)
  ✓  131 [visual-chromium] › e2e/visual.spec.ts:31:64 › light · 1024 › visual open specifications (2.1s)
  ✓  134 [visual-chromium] › e2e/visual.spec.ts:19:102 › light · 1440 › visual home (1.1s)
  ✓  133 [visual-chromium] › e2e/visual.spec.ts:31:64 › light · 1024 › visual open agents (1.3s)
  ✓  135 [visual-chromium] › e2e/visual.spec.ts:19:102 › light · 1440 › visual specifications (1.0s)
  ✓  136 [visual-chromium] › e2e/visual.spec.ts:19:102 › light · 1440 › visual code (1.0s)
  ✓  137 [visual-chromium] › e2e/visual.spec.ts:19:102 › light · 1440 › visual agents (1.0s)
  ✓  138 [visual-chromium] › e2e/visual.spec.ts:19:102 › light · 1440 › visual resources (1.1s)
  ✓  139 [visual-chromium] › e2e/visual.spec.ts:19:102 › light · 1440 › visual workflow (971ms)
  ✓  140 [visual-chromium] › e2e/visual.spec.ts:19:102 › light · 1440 › visual execution (1.1s)
  ✓  141 [visual-chromium] › e2e/visual.spec.ts:19:102 › light · 1440 › visual governance (1.0s)
  ✓  142 [visual-chromium] › e2e/visual.spec.ts:19:102 › light · 1440 › visual memory (1.2s)
  ✓  143 [visual-chromium] › e2e/visual.spec.ts:19:102 › light · 1440 › visual gateway (1.0s)
  ✓  144 [visual-chromium] › e2e/visual.spec.ts:19:102 › light · 1440 › visual collaboration (1.1s)
  ✓  145 [visual-chromium] › e2e/visual.spec.ts:19:102 › light · 1440 › visual configuration (1.0s)
  ✓  146 [visual-chromium] › e2e/visual.spec.ts:19:102 › light · 1440 › visual identity (955ms)
  ✓  147 [visual-chromium] › e2e/visual.spec.ts:19:102 › light · 1440 › visual tenancy (935ms)
  ✓  148 [visual-chromium] › e2e/visual.spec.ts:19:102 › light · 1440 › visual saas (990ms)
  ✓  149 [visual-chromium] › e2e/visual.spec.ts:19:102 › light · 1440 › visual desktop (963ms)
  ✓  150 [visual-chromium] › e2e/visual.spec.ts:19:102 › light · 1440 › visual observer (1.0s)
  ✓  151 [visual-chromium] › e2e/visual.spec.ts:19:102 › light · 1440 › visual connection (1.0s)
  ✓  152 [visual-chromium] › e2e/visual.spec.ts:19:102 › light · 1440 › visual sign-in (1.2s)
  ✓  153 [visual-chromium] › e2e/visual.spec.ts:19:102 › light · 1440 › visual sign-in/help (1.1s)
  ✓  154 [visual-chromium] › e2e/visual.spec.ts:19:102 › light · 1440 › visual invitations (1.1s)
  ✓  155 [visual-chromium] › e2e/visual.spec.ts:19:102 › light · 1440 › visual observer/sign-in (858ms)
  ✓  157 [visual-chromium] › e2e/visual.spec.ts:31:64 › light · 1440 › visual open code (1.8s)
  ✓  156 [visual-chromium] › e2e/visual.spec.ts:31:64 › light · 1440 › visual open specifications (2.1s)
  ✓  158 [visual-chromium] › e2e/visual.spec.ts:31:64 › light · 1440 › visual open agents (1.2s)

  158 passed (1.5m)
