npm warn Unknown env config "http-proxy". This will stop working in the next major version of npm.

> atlas-web@1.0.0-rc.1 release
> node tools/release.mjs local-acceptance

npm warn Unknown env config "http-proxy". This will stop working in the next major version of npm.

> atlas-web@1.0.0-rc.1 build
> npm run typecheck && vite build

npm warn Unknown env config "http-proxy". This will stop working in the next major version of npm.

> atlas-web@1.0.0-rc.1 typecheck
> tsc -p tsconfig.json --noEmit && tsc -p tsconfig.node.json

vite v8.3.2 building client environment for production...

 WARN  advancedChunks option is deprecated, please use codeSplitting instead.

transforming...
✓ 3446 modules transformed.
rendering chunks...
computing gzip size...
dist/telemetry-console.html                                            0.84 kB │ gzip:   0.44 kB
dist/assets/jetbrains-mono-cyrillic-ext-400-normal-C_uLvvQ5.woff2      1.16 kB
dist/assets/jetbrains-mono-cyrillic-ext-500-normal-C9ShMxGR.woff2      1.17 kB
dist/index.html                                                        1.23 kB │ gzip:   0.53 kB
dist/assets/jetbrains-mono-cyrillic-ext-500-normal-CEVyPk4Y.woff       1.74 kB
dist/assets/jetbrains-mono-cyrillic-ext-400-normal-Bh0R7Dhr.woff       1.74 kB
dist/assets/jetbrains-mono-vietnamese-400-normal-ByoDsISC.woff2        3.92 kB
dist/assets/jetbrains-mono-vietnamese-500-normal-BvH7FW2L.woff2        4.04 kB
dist/assets/jetbrains-mono-greek-400-normal-C190GLew.woff2             4.22 kB
dist/assets/jetbrains-mono-greek-500-normal-JpySY46c.woff2             4.28 kB
dist/assets/jetbrains-mono-cyrillic-400-normal-BEIGL1Tu.woff2          5.32 kB
dist/assets/jetbrains-mono-cyrillic-500-normal-DmUKJPL_.woff2          5.35 kB
dist/assets/jetbrains-mono-vietnamese-400-normal-CqNFfHCs.woff         5.37 kB
dist/assets/jetbrains-mono-vietnamese-500-normal-DNRqzVM1.woff         5.47 kB
dist/assets/jetbrains-mono-greek-400-normal-B9oWc5Lo.woff              5.66 kB
dist/assets/jetbrains-mono-greek-500-normal-D7SFKleX.woff              5.72 kB
dist/assets/jetbrains-mono-cyrillic-400-normal-ugxPyKxw.woff           6.97 kB
dist/assets/jetbrains-mono-cyrillic-500-normal-DJqRU3vO.woff           7.02 kB
dist/assets/jetbrains-mono-latin-ext-400-normal-Bc8Ftmh3.woff2         7.33 kB
dist/assets/jetbrains-mono-latin-ext-500-normal-Cut-4mMH.woff2         7.52 kB
dist/assets/jetbrains-mono-latin-ext-400-normal-fXTG6kC5.woff         10.12 kB
dist/assets/inter-vietnamese-wght-normal-CBcvBZtf.woff2               10.25 kB
dist/assets/jetbrains-mono-latin-ext-500-normal-ckzbgY84.woff         10.33 kB
dist/assets/inter-greek-ext-wght-normal-DlzME5K_.woff2                11.23 kB
dist/assets/inter-cyrillic-wght-normal-DqGufNeO.woff2                 18.74 kB
dist/assets/inter-greek-wght-normal-CkhJZR-_.woff2                    18.99 kB
dist/assets/jetbrains-mono-latin-400-normal-V6pRDFza.woff2            21.16 kB
dist/assets/jetbrains-mono-latin-500-normal-BWZEU5yA.woff2            21.83 kB
dist/assets/inter-cyrillic-ext-wght-normal-BOeWTOD4.woff2             25.96 kB
dist/assets/jetbrains-mono-latin-400-normal-6-qcROiO.woff             27.49 kB
dist/assets/jetbrains-mono-latin-500-normal-CJOVTJB7.woff             28.20 kB
dist/assets/inter-latin-wght-normal-Dx4kXJAl.woff2                    48.25 kB
dist/assets/inter-latin-ext-wght-normal-DO1Apj_S.woff2                85.06 kB
dist/assets/codicon-ngg6Pgfi.ttf                                     121.97 kB
dist/assets/editor.worker-O-CH8JUO.js                                280.57 kB
dist/assets/workspace-B-Gn59ZV.css                                     2.16 kB │ gzip:   0.65 kB
dist/assets/LiveTerminal-B1njb2Cr.css                                  3.96 kB │ gzip:   1.02 kB
dist/assets/TaskGraph-DLioOiRN.css                                    15.41 kB │ gzip:   2.56 kB
dist/assets/ui-DUMXGTqy.css                                           55.56 kB │ gzip:  10.34 kB
dist/assets/CodeEditor-BBlRgZ6L.css                                   71.54 kB │ gzip:  11.62 kB
dist/assets/editor-DSBK4mQa.css                                       74.48 kB │ gzip:  11.69 kB
dist/assets/ModuleLanding-BYM4ZNAg.js                                  0.49 kB │ gzip:   0.29 kB
dist/assets/javascript-FG5qMjHx.js                                     0.68 kB │ gzip:   0.40 kB
dist/assets/LazyTaskGraph-BlAqcx7Y.js                                  0.69 kB │ gzip:   0.41 kB
dist/assets/rolldown-runtime-hePW80VL.js                               0.71 kB │ gzip:   0.42 kB
dist/assets/format-A2Y5zJrE.js                                         0.74 kB │ gzip:   0.46 kB
dist/assets/NativeStatePanels-FIjSOOwY.js                              0.82 kB │ gzip:   0.38 kB
dist/assets/DefinitionTypePage-DSVip2B6.js                             0.86 kB │ gzip:   0.49 kB
dist/assets/hooks-DIxwFW1a.js                                          0.88 kB │ gzip:   0.43 kB
dist/assets/LazyCodeEditor-BnaoVQie.js                                 1.23 kB │ gzip:   0.68 kB
dist/assets/LifecycleBody-CGDWNEOa.js                                  1.64 kB │ gzip:   0.83 kB
dist/assets/SchemaSceneForm-_nh8DsLL.js                                1.67 kB │ gzip:   0.92 kB
dist/assets/xml-v0_2-g2g.js                                            1.95 kB │ gzip:   0.75 kB
dist/assets/definitions-DY7UoSMo.js                                    2.30 kB │ gzip:   1.10 kB
dist/assets/NativeState-U9b8FNFG.js                                    2.40 kB │ gzip:   1.14 kB
dist/assets/CollaborationWorkspace-m3Uc7pto.js                         2.78 kB │ gzip:   1.31 kB
dist/assets/DefinitionsCatalog-CbYTEP9P.js                             2.85 kB │ gzip:   1.31 kB
dist/assets/NotificationInbox-C58t2Xpo.js                              3.03 kB │ gzip:   1.33 kB
dist/assets/ExecutionPage-B0azJLkp.js                                  3.24 kB │ gzip:   1.44 kB
dist/assets/stream-DBI346lM.js                                         3.33 kB │ gzip:   1.55 kB
dist/assets/NativeStatePage-BwY3sLqt.js                                3.50 kB │ gzip:   1.63 kB
dist/assets/markdown-Cimd5fb3.js                                       3.63 kB │ gzip:   1.34 kB
dist/assets/DocTree-BtESD_JU.js                                        3.92 kB │ gzip:   1.71 kB
dist/assets/Overview-BFJWdd2F.js                                       4.11 kB │ gzip:   1.53 kB
dist/assets/css-DIMkf-bt.js                                            4.36 kB │ gzip:   1.33 kB
dist/assets/html-IASnejSe.js                                           4.55 kB │ gzip:   1.17 kB
dist/assets/typescript-DyJyC_ec.js                                     4.70 kB │ gzip:   1.96 kB
dist/assets/ConnectionPage-Ds5f2Fhd.js                                 5.71 kB │ gzip:   2.27 kB
dist/assets/storage-DC0A14Ca.js                                        6.23 kB │ gzip:   2.46 kB
dist/assets/SrsDetails-NQAX8Skr.js                                     6.38 kB │ gzip:   2.55 kB
dist/assets/common-B-6KfMe8.js                                         6.99 kB │ gzip:   2.35 kB
dist/assets/validate-BwijHkhQ.js                                       9.77 kB │ gzip:   3.59 kB
dist/assets/X01-Bm8azYMQ.js                                           10.44 kB │ gzip:   2.36 kB
dist/assets/J09-BaxLzDdD.js                                           12.36 kB │ gzip:   2.43 kB
dist/assets/X02-2cf51oJJ.js                                           12.79 kB │ gzip:   2.70 kB
dist/assets/DraftModulePage-yAdEqn3j.js                               14.43 kB │ gzip:   4.99 kB
dist/assets/X03-D376fY2W.js                                           15.73 kB │ gzip:   2.98 kB
dist/assets/ExecutionWorkspace-BcHrIZQi.js                            15.93 kB │ gzip:   5.52 kB
dist/assets/X05-Dt93ybyD.js                                           17.66 kB │ gzip:   3.66 kB
dist/assets/DefinitionWorkspace-BS3s9Irw.js                           18.10 kB │ gzip:   6.03 kB
dist/assets/CodePage-BTNxn5Xo.js                                      18.47 kB │ gzip:   6.81 kB
dist/assets/ServiceModulePage-eKlFqSyp.js                             20.91 kB │ gzip:   6.54 kB
dist/assets/ViewPage-D-o5pPY0.js                                      22.83 kB │ gzip:   6.30 kB
dist/assets/observer-CnXwGqed.js                                      22.96 kB │ gzip:   6.59 kB
dist/assets/WorkflowPage-DOg3Obc4.js                                  23.54 kB │ gzip:   7.35 kB
dist/assets/service-query-B4NvVBnr.js                                 24.54 kB │ gzip:   7.22 kB
dist/assets/X07-0UxF56Jj.js                                           25.20 kB │ gzip:   3.62 kB
dist/assets/native-states-BDXdceFo.js                                 29.84 kB │ gzip:   8.91 kB
dist/assets/J11-D6e92Em9.js                                           30.29 kB │ gzip:   4.18 kB
dist/assets/X06-CDShrDwV.js                                           38.59 kB │ gzip:   4.63 kB
dist/assets/ui-BBEy44qX.js                                            39.37 kB │ gzip:  13.48 kB
dist/assets/J14-BO-d4LAI.js                                           42.10 kB │ gzip:   6.26 kB
dist/assets/X04-B38RGuJt.js                                           45.82 kB │ gzip:   5.48 kB
dist/assets/J05-VUGULZiy.js                                           48.05 kB │ gzip:   7.24 kB
dist/assets/lifecycles-BK5i1G0i.js                                    49.63 kB │ gzip:   9.57 kB
dist/assets/source-actions-bGCVBVUK.js                                50.18 kB │ gzip:   9.68 kB
dist/assets/J12-Cmk1pnGl.js                                           50.19 kB │ gzip:   5.93 kB
dist/assets/J06-CxL_B-1n.js                                           53.70 kB │ gzip:   6.27 kB
dist/assets/journeys-Cf9Dd-I8.js                                      54.01 kB │ gzip:  13.35 kB
dist/assets/radix-Bqw9BC-B.js                                         62.38 kB │ gzip:  20.74 kB
dist/assets/J02-DfEq5OBL.js                                           65.40 kB │ gzip:   8.52 kB
dist/assets/X08-B0YwC4y2.js                                           72.80 kB │ gzip:   5.95 kB
dist/assets/J08-DtVWm6G7.js                                           78.77 kB │ gzip:   8.92 kB
dist/assets/J01-zL1EyimJ.js                                           85.34 kB │ gzip:  10.91 kB
dist/assets/J10-Bf7h0gFb.js                                           88.20 kB │ gzip:   7.51 kB
dist/assets/J07-CpyxcVrW.js                                           92.11 kB │ gzip:   8.83 kB
dist/assets/collaboration-CgJ881JX.js                                 93.52 kB │ gzip:  28.61 kB
dist/assets/SpecificationsPage-tgvVSmk3.js                           100.77 kB │ gzip:  33.44 kB
dist/assets/workspace-CrFjNg43.js                                    115.09 kB │ gzip:  26.90 kB
dist/assets/J04-BIC-y9NS.js                                          129.25 kB │ gzip:  15.65 kB
dist/assets/TaskGraph-DJqY6NFC.js                                    179.98 kB │ gzip:  58.03 kB
dist/assets/J13-CrQ4Vvqh.js                                          187.70 kB │ gzip:  19.80 kB
dist/assets/scene-index-DnykmSxS.js                                  187.76 kB │ gzip:  24.04 kB
dist/assets/J03-DUSpZvfX.js                                          190.54 kB │ gzip:  22.59 kB
dist/assets/views-tmt-_cZN.js                                        253.84 kB │ gzip:  18.88 kB
dist/assets/react-BzUSLvjY.js                                        312.43 kB │ gzip:  98.50 kB
dist/assets/schemas-B0lsjKeu.js                                      331.10 kB │ gzip:  22.43 kB
dist/assets/LiveTerminal-DmNPd3BQ.js                                 335.55 kB │ gzip:  84.71 kB
dist/assets/CodeEditor-CbzLk5aj.js                                 1,083.83 kB │ gzip: 274.85 kB
dist/assets/editor.api2-CHymt6O3.js                                2,555.39 kB │ gzip: 660.21 kB

[plugin builtin:vite-reporter] 
(!) Some chunks are larger than 600 kB after minification. Consider:
- Using dynamic import() to code-split the application
- Use build.rolldownOptions.output.codeSplitting to improve chunking: https://rolldown.rs/reference/OutputOptions.codeSplitting
- Adjust chunk size limit for this warning via build.chunkSizeWarningLimit.
✓ built in 1.56s
release local-acceptance: 125 files, build source-64e0c7e1432138b0, source archive
