npm warn Unknown env config "http-proxy". This will stop working in the next major version of npm.
[WebServer] (node:33) Warning: The 'NO_COLOR' env is ignored due to the 'FORCE_COLOR' env being set.
[WebServer] (Use `node --trace-warnings ...` to show where the warning was created)
[WebServer] npm warn Unknown env config "http-proxy". This will stop working in the next major version of npm.
[WebServer] (node:46) Warning: The 'NO_COLOR' env is ignored due to the 'FORCE_COLOR' env being set.
[WebServer] (Use `node --trace-warnings ...` to show where the warning was created)

Running 206 tests using 2 workers

(node:81) Warning: The 'NO_COLOR' env is ignored due to the 'FORCE_COLOR' env being set.
(Use `node --trace-warnings ...` to show where the warning was created)
(node:80) Warning: The 'NO_COLOR' env is ignored due to the 'FORCE_COLOR' env being set.
(Use `node --trace-warnings ...` to show where the warning was created)
(node:80) Warning: The 'NO_COLOR' env is ignored due to the 'FORCE_COLOR' env being set.
(Use `node --trace-warnings ...` to show where the warning was created)
(node:81) Warning: The 'NO_COLOR' env is ignored due to the 'FORCE_COLOR' env being set.
(Use `node --trace-warnings ...` to show where the warning was created)
  ✓    1 [chromium] › e2e/ides.spec.ts:63:1 › specifications: preview never runs scripts from Markdown (2.3s)
  ✓    2 [chromium] › e2e/ides.spec.ts:4:1 › specifications: create, edit, save, outline, preview, history (4.6s)
  ✓    3 [chromium] › e2e/ides.spec.ts:84:1 › code intelligence: import folder, search, outline symbols (3.5s)
  ✓    5 [chromium] › e2e/shell.spec.ts:3:1 › skip link, route focus, title and breadcrumb (768ms)
  ✓    6 [chromium] › e2e/shell.spec.ts:33:1 › command palette searches views and navigates (1.3s)
  ✓    7 [chromium] › e2e/shell.spec.ts:51:1 › help dialog opens with ? and returns focus (1.3s)
  ✓    8 [chromium] › e2e/shell.spec.ts:68:1 › theme preference persists across reloads (396ms)
  ✓    4 [chromium] › e2e/ides.spec.ts:119:1 › workflow: tasks, pinned agent, cycle detection, save (5.3s)
  ✓    9 [chromium] › e2e/shell.spec.ts:81:1 › unknown route shows a not-found page inside the shell (280ms)
  ✓   10 [chromium] › e2e/shell.spec.ts:96:3 › mobile › navigation drawer (1.1s)
  ✓   11 [chromium] › e2e/shell.spec.ts:120:3 › no horizontal overflow at 320px (3.9s)
  ✓   12 [chromium] › e2e/shell.spec.ts:120:3 › no horizontal overflow at 768px (3.9s)
  ✓   13 [chromium] › e2e/shell.spec.ts:120:3 › no horizontal overflow at 1024px (4.0s)
  ✓   14 [chromium] › e2e/shell.spec.ts:120:3 › no horizontal overflow at 1280px (4.1s)
  ✓   16 [chromium] › e2e/shell.spec.ts:134:1 › mobile breadcrumb labels stay within the header and scope remains compact (317ms)
(node:685) Warning: The 'NO_COLOR' env is ignored due to the 'FORCE_COLOR' env being set.
(Use `node --trace-warnings ...` to show where the warning was created)
(node:685) Warning: The 'NO_COLOR' env is ignored due to the 'FORCE_COLOR' env being set.
(Use `node --trace-warnings ...` to show where the warning was created)
  ✓   15 [chromium] › e2e/shell.spec.ts:120:3 › no horizontal overflow at 1920px (4.1s)
(node:869) Warning: The 'NO_COLOR' env is ignored due to the 'FORCE_COLOR' env being set.
(Use `node --trace-warnings ...` to show where the warning was created)
(node:869) Warning: The 'NO_COLOR' env is ignored due to the 'FORCE_COLOR' env being set.
(Use `node --trace-warnings ...` to show where the warning was created)
  ✓   17 [firefox] › e2e/ides.spec.ts:4:1 › specifications: create, edit, save, outline, preview, history (9.0s)
  ✓   18 [firefox] › e2e/ides.spec.ts:63:1 › specifications: preview never runs scripts from Markdown (6.0s)
  ✓   19 [firefox] › e2e/ides.spec.ts:84:1 › code intelligence: import folder, search, outline symbols (5.3s)
  ✓   21 [firefox] › e2e/shell.spec.ts:3:1 › skip link, route focus, title and breadcrumb (1.4s)
  ✓   20 [firefox] › e2e/ides.spec.ts:119:1 › workflow: tasks, pinned agent, cycle detection, save (9.0s)
  ✓   22 [firefox] › e2e/shell.spec.ts:33:1 › command palette searches views and navigates (2.4s)
  ✓   24 [firefox] › e2e/shell.spec.ts:68:1 › theme preference persists across reloads (1.2s)
  ✓   25 [firefox] › e2e/shell.spec.ts:81:1 › unknown route shows a not-found page inside the shell (674ms)
  ✓   23 [firefox] › e2e/shell.spec.ts:51:1 › help dialog opens with ? and returns focus (2.3s)
  ✓   26 [firefox] › e2e/shell.spec.ts:96:3 › mobile › navigation drawer (2.1s)
  ✓   27 [firefox] › e2e/shell.spec.ts:120:3 › no horizontal overflow at 320px (5.5s)
  ✓   28 [firefox] › e2e/shell.spec.ts:120:3 › no horizontal overflow at 768px (5.8s)
  ✓   29 [firefox] › e2e/shell.spec.ts:120:3 › no horizontal overflow at 1024px (5.7s)
  ✓   30 [firefox] › e2e/shell.spec.ts:120:3 › no horizontal overflow at 1280px (6.6s)
  ✓   32 [firefox] › e2e/shell.spec.ts:134:1 › mobile breadcrumb labels stay within the header and scope remains compact (1.2s)
(node:1952) Warning: The 'NO_COLOR' env is ignored due to the 'FORCE_COLOR' env being set.
(Use `node --trace-warnings ...` to show where the warning was created)
(node:1952) Warning: The 'NO_COLOR' env is ignored due to the 'FORCE_COLOR' env being set.
(Use `node --trace-warnings ...` to show where the warning was created)
  ✓   31 [firefox] › e2e/shell.spec.ts:120:3 › no horizontal overflow at 1920px (6.7s)
(node:2081) Warning: The 'NO_COLOR' env is ignored due to the 'FORCE_COLOR' env being set.
(Use `node --trace-warnings ...` to show where the warning was created)
(node:2081) Warning: The 'NO_COLOR' env is ignored due to the 'FORCE_COLOR' env being set.
(Use `node --trace-warnings ...` to show where the warning was created)
  ✓   33 [webkit] › e2e/ides.spec.ts:4:1 › specifications: create, edit, save, outline, preview, history (8.4s)
  ✓   34 [webkit] › e2e/ides.spec.ts:63:1 › specifications: preview never runs scripts from Markdown (6.0s)
  ✓   35 [webkit] › e2e/ides.spec.ts:84:1 › code intelligence: import folder, search, outline symbols (5.4s)
  ✓   37 [webkit] › e2e/shell.spec.ts:3:1 › skip link, route focus, title and breadcrumb (1.6s)
  ✓   38 [webkit] › e2e/shell.spec.ts:33:1 › command palette searches views and navigates (2.8s)
  ✓   36 [webkit] › e2e/ides.spec.ts:119:1 › workflow: tasks, pinned agent, cycle detection, save (9.8s)
  ✓   40 [webkit] › e2e/shell.spec.ts:68:1 › theme preference persists across reloads (1.5s)
  ✓   41 [webkit] › e2e/shell.spec.ts:81:1 › unknown route shows a not-found page inside the shell (885ms)
  ✓   39 [webkit] › e2e/shell.spec.ts:51:1 › help dialog opens with ? and returns focus (2.6s)
  ✓   42 [webkit] › e2e/shell.spec.ts:96:3 › mobile › navigation drawer (2.0s)
  ✓   43 [webkit] › e2e/shell.spec.ts:120:3 › no horizontal overflow at 320px (5.3s)
  ✓   44 [webkit] › e2e/shell.spec.ts:120:3 › no horizontal overflow at 768px (5.6s)
  ✓   45 [webkit] › e2e/shell.spec.ts:120:3 › no horizontal overflow at 1024px (5.7s)
  ✓   46 [webkit] › e2e/shell.spec.ts:120:3 › no horizontal overflow at 1280px (5.9s)
  ✓   48 [webkit] › e2e/shell.spec.ts:134:1 › mobile breadcrumb labels stay within the header and scope remains compact (927ms)
(node:4120) Warning: The 'NO_COLOR' env is ignored due to the 'FORCE_COLOR' env being set.
(Use `node --trace-warnings ...` to show where the warning was created)
(node:4120) Warning: The 'NO_COLOR' env is ignored due to the 'FORCE_COLOR' env being set.
(Use `node --trace-warnings ...` to show where the warning was created)
PERF / {"lcp":240,"dcl":111,"jsFiles":10,"jsBytes":166754,"editorLoaded":false,"editorResources":[],"totalBytes":269518,"cls":0.001}
  ✓   49 [visual-chromium] › e2e/perf.spec.ts:6:3 › perf / (1.3s)
  ✓   47 [webkit] › e2e/shell.spec.ts:120:3 › no horizontal overflow at 1920px (6.3s)
(node:4243) Warning: The 'NO_COLOR' env is ignored due to the 'FORCE_COLOR' env being set.
(Use `node --trace-warnings ...` to show where the warning was created)
PERF /specifications {"lcp":240,"dcl":95,"jsFiles":14,"jsBytes":210280,"editorLoaded":false,"editorResources":[],"totalBytes":291876,"cls":0.001}
  ✓   50 [visual-chromium] › e2e/perf.spec.ts:6:3 › perf /specifications (1.1s)
(node:4243) Warning: The 'NO_COLOR' env is ignored due to the 'FORCE_COLOR' env being set.
(Use `node --trace-warnings ...` to show where the warning was created)
PERF /agents {"lcp":192,"dcl":91,"jsFiles":19,"jsBytes":229911,"editorLoaded":false,"editorResources":[],"totalBytes":311507,"cls":0.006}
  ✓   51 [visual-chromium] › e2e/perf.spec.ts:6:3 › perf /agents (1.1s)
PERF /code {"lcp":148,"dcl":75,"jsFiles":15,"jsBytes":184936,"editorLoaded":false,"editorResources":[],"totalBytes":266532,"cls":0.002}
  ✓   52 [visual-chromium] › e2e/perf.spec.ts:6:3 › perf /code (1.1s)
PERF /workflow {"lcp":156,"dcl":81,"jsFiles":17,"jsBytes":202313,"editorLoaded":false,"editorResources":[],"totalBytes":283909,"cls":0.031}
  ✓   53 [visual-chromium] › e2e/perf.spec.ts:6:3 › perf /workflow (1.1s)
PERF /execution {"lcp":160,"dcl":73,"jsFiles":19,"jsBytes":223434,"editorLoaded":false,"editorResources":[],"totalBytes":326198,"cls":0.001}
  ✓   54 [visual-chromium] › e2e/perf.spec.ts:6:3 › perf /execution (1.1s)
PERF /definitions/agent {"lcp":220,"dcl":78,"jsFiles":14,"jsBytes":196032,"editorLoaded":false,"editorResources":[],"totalBytes":277628,"cls":0.001}
  ✓   55 [visual-chromium] › e2e/perf.spec.ts:6:3 › perf /definitions/agent (1.1s)
PERF /execution/runs {"lcp":196,"dcl":83,"jsFiles":16,"jsBytes":227997,"editorLoaded":false,"editorResources":[],"totalBytes":309593,"cls":0.001}
  ✓   56 [visual-chromium] › e2e/perf.spec.ts:6:3 › perf /execution/runs (1.1s)
  ✓   57 [visual-chromium] › e2e/visual.spec.ts:19:102 › dark · 390 › visual home (813ms)
  ✓   58 [visual-chromium] › e2e/visual.spec.ts:19:102 › dark · 390 › visual specifications (835ms)
  ✓   59 [visual-chromium] › e2e/visual.spec.ts:19:102 › dark · 390 › visual code (816ms)
  ✓   60 [visual-chromium] › e2e/visual.spec.ts:19:102 › dark · 390 › visual agents (908ms)
  ✓   61 [visual-chromium] › e2e/visual.spec.ts:19:102 › dark · 390 › visual resources (867ms)
  ✓   62 [visual-chromium] › e2e/visual.spec.ts:19:102 › dark · 390 › visual workflow (920ms)
  ✓   63 [visual-chromium] › e2e/visual.spec.ts:19:102 › dark · 390 › visual execution (956ms)
  ✓   64 [visual-chromium] › e2e/visual.spec.ts:19:102 › dark · 390 › visual governance (925ms)
  ✓   65 [visual-chromium] › e2e/visual.spec.ts:19:102 › dark · 390 › visual memory (924ms)
  ✓   66 [visual-chromium] › e2e/visual.spec.ts:19:102 › dark · 390 › visual gateway (860ms)
  ✓   67 [visual-chromium] › e2e/visual.spec.ts:19:102 › dark · 390 › visual collaboration (945ms)
  ✓   68 [visual-chromium] › e2e/visual.spec.ts:19:102 › dark · 390 › visual configuration (911ms)
  ✓   69 [visual-chromium] › e2e/visual.spec.ts:19:102 › dark · 390 › visual identity (868ms)
  ✓   70 [visual-chromium] › e2e/visual.spec.ts:19:102 › dark · 390 › visual tenancy (894ms)
  ✓   71 [visual-chromium] › e2e/visual.spec.ts:19:102 › dark · 390 › visual saas (899ms)
  ✓   72 [visual-chromium] › e2e/visual.spec.ts:19:102 › dark · 390 › visual desktop (886ms)
  ✓   73 [visual-chromium] › e2e/visual.spec.ts:19:102 › dark · 390 › visual observer (893ms)
  ✓   74 [visual-chromium] › e2e/visual.spec.ts:19:102 › dark · 390 › visual connection (912ms)
  ✓   75 [visual-chromium] › e2e/visual.spec.ts:19:102 › dark · 390 › visual sign-in (1.1s)
  ✓   76 [visual-chromium] › e2e/visual.spec.ts:19:102 › dark · 390 › visual sign-in/help (1.1s)
  ✓   77 [visual-chromium] › e2e/visual.spec.ts:19:102 › dark · 390 › visual invitations (1.1s)
  ✓   78 [visual-chromium] › e2e/visual.spec.ts:19:102 › dark · 390 › visual observer/sign-in (773ms)
  ✓   80 [visual-chromium] › e2e/visual.spec.ts:31:64 › dark · 390 › visual open code (1.5s)
  ✓   79 [visual-chromium] › e2e/visual.spec.ts:31:64 › dark · 390 › visual open specifications (2.1s)
  ✓   81 [visual-chromium] › e2e/visual.spec.ts:31:64 › dark · 390 › visual open agents (1.0s)
  ✓   82 [visual-chromium] › e2e/visual.spec.ts:19:102 › dark · 1024 › visual home (955ms)
  ✓   83 [visual-chromium] › e2e/visual.spec.ts:19:102 › dark · 1024 › visual specifications (919ms)
  ✓   84 [visual-chromium] › e2e/visual.spec.ts:19:102 › dark · 1024 › visual code (882ms)
  ✓   85 [visual-chromium] › e2e/visual.spec.ts:19:102 › dark · 1024 › visual agents (945ms)
  ✓   86 [visual-chromium] › e2e/visual.spec.ts:19:102 › dark · 1024 › visual resources (911ms)
  ✓   87 [visual-chromium] › e2e/visual.spec.ts:19:102 › dark · 1024 › visual workflow (941ms)
  ✓   88 [visual-chromium] › e2e/visual.spec.ts:19:102 › dark · 1024 › visual execution (973ms)
  ✓   89 [visual-chromium] › e2e/visual.spec.ts:19:102 › dark · 1024 › visual governance (1.0s)
  ✓   90 [visual-chromium] › e2e/visual.spec.ts:19:102 › dark · 1024 › visual memory (1.2s)
  ✓   91 [visual-chromium] › e2e/visual.spec.ts:19:102 › dark · 1024 › visual gateway (968ms)
  ✓   92 [visual-chromium] › e2e/visual.spec.ts:19:102 › dark · 1024 › visual collaboration (1.0s)
  ✓   93 [visual-chromium] › e2e/visual.spec.ts:19:102 › dark · 1024 › visual configuration (1.0s)
  ✓   94 [visual-chromium] › e2e/visual.spec.ts:19:102 › dark · 1024 › visual identity (965ms)
  ✓   95 [visual-chromium] › e2e/visual.spec.ts:19:102 › dark · 1024 › visual tenancy (956ms)
  ✓   96 [visual-chromium] › e2e/visual.spec.ts:19:102 › dark · 1024 › visual saas (936ms)
  ✓   97 [visual-chromium] › e2e/visual.spec.ts:19:102 › dark · 1024 › visual desktop (883ms)
  ✓   98 [visual-chromium] › e2e/visual.spec.ts:19:102 › dark · 1024 › visual observer (932ms)
  ✓   99 [visual-chromium] › e2e/visual.spec.ts:19:102 › dark · 1024 › visual connection (839ms)
  ✓  100 [visual-chromium] › e2e/visual.spec.ts:19:102 › dark · 1024 › visual sign-in (1.1s)
  ✓  101 [visual-chromium] › e2e/visual.spec.ts:19:102 › dark · 1024 › visual sign-in/help (1.1s)
  ✓  103 [visual-chromium] › e2e/visual.spec.ts:19:102 › dark · 1024 › visual observer/sign-in (797ms)
  ✓  102 [visual-chromium] › e2e/visual.spec.ts:19:102 › dark · 1024 › visual invitations (1.2s)
  ✓  105 [visual-chromium] › e2e/visual.spec.ts:31:64 › dark · 1024 › visual open code (1.7s)
  ✓  104 [visual-chromium] › e2e/visual.spec.ts:31:64 › dark · 1024 › visual open specifications (2.0s)
  ✓  107 [visual-chromium] › e2e/visual.spec.ts:19:102 › dark · 1440 › visual home (974ms)
  ✓  106 [visual-chromium] › e2e/visual.spec.ts:31:64 › dark · 1024 › visual open agents (1.1s)
  ✓  108 [visual-chromium] › e2e/visual.spec.ts:19:102 › dark · 1440 › visual specifications (962ms)
  ✓  109 [visual-chromium] › e2e/visual.spec.ts:19:102 › dark · 1440 › visual code (987ms)
  ✓  110 [visual-chromium] › e2e/visual.spec.ts:19:102 › dark · 1440 › visual agents (981ms)
  ✓  111 [visual-chromium] › e2e/visual.spec.ts:19:102 › dark · 1440 › visual resources (1.0s)
  ✓  112 [visual-chromium] › e2e/visual.spec.ts:19:102 › dark · 1440 › visual workflow (1.0s)
  ✓  113 [visual-chromium] › e2e/visual.spec.ts:19:102 › dark · 1440 › visual execution (1.3s)
  ✓  114 [visual-chromium] › e2e/visual.spec.ts:19:102 › dark · 1440 › visual governance (1.0s)
  ✓  115 [visual-chromium] › e2e/visual.spec.ts:19:102 › dark · 1440 › visual memory (1.1s)
  ✓  116 [visual-chromium] › e2e/visual.spec.ts:19:102 › dark · 1440 › visual gateway (961ms)
  ✓  117 [visual-chromium] › e2e/visual.spec.ts:19:102 › dark · 1440 › visual collaboration (1.2s)
  ✓  118 [visual-chromium] › e2e/visual.spec.ts:19:102 › dark · 1440 › visual configuration (1.1s)
  ✓  119 [visual-chromium] › e2e/visual.spec.ts:19:102 › dark · 1440 › visual identity (1.1s)
  ✓  120 [visual-chromium] › e2e/visual.spec.ts:19:102 › dark · 1440 › visual tenancy (1.2s)
  ✓  121 [visual-chromium] › e2e/visual.spec.ts:19:102 › dark · 1440 › visual saas (1.1s)
  ✓  122 [visual-chromium] › e2e/visual.spec.ts:19:102 › dark · 1440 › visual desktop (1.1s)
  ✓  123 [visual-chromium] › e2e/visual.spec.ts:19:102 › dark · 1440 › visual observer (1.1s)
  ✓  124 [visual-chromium] › e2e/visual.spec.ts:19:102 › dark · 1440 › visual connection (993ms)
  ✓  125 [visual-chromium] › e2e/visual.spec.ts:19:102 › dark · 1440 › visual sign-in (1.2s)
  ✓  126 [visual-chromium] › e2e/visual.spec.ts:19:102 › dark · 1440 › visual sign-in/help (1.2s)
  ✓  127 [visual-chromium] › e2e/visual.spec.ts:19:102 › dark · 1440 › visual invitations (1.2s)
  ✓  128 [visual-chromium] › e2e/visual.spec.ts:19:102 › dark · 1440 › visual observer/sign-in (865ms)
  ✓  130 [visual-chromium] › e2e/visual.spec.ts:31:64 › dark · 1440 › visual open code (1.6s)
  ✓  129 [visual-chromium] › e2e/visual.spec.ts:31:64 › dark · 1440 › visual open specifications (1.8s)
  ✓  132 [visual-chromium] › e2e/visual.spec.ts:19:102 › light · 390 › visual home (833ms)
  ✓  131 [visual-chromium] › e2e/visual.spec.ts:31:64 › dark · 1440 › visual open agents (1.2s)
  ✓  133 [visual-chromium] › e2e/visual.spec.ts:19:102 › light · 390 › visual specifications (806ms)
  ✓  134 [visual-chromium] › e2e/visual.spec.ts:19:102 › light · 390 › visual code (780ms)
  ✓  135 [visual-chromium] › e2e/visual.spec.ts:19:102 › light · 390 › visual agents (806ms)
  ✓  136 [visual-chromium] › e2e/visual.spec.ts:19:102 › light · 390 › visual resources (836ms)
  ✓  137 [visual-chromium] › e2e/visual.spec.ts:19:102 › light · 390 › visual workflow (889ms)
  ✓  138 [visual-chromium] › e2e/visual.spec.ts:19:102 › light · 390 › visual execution (893ms)
  ✓  139 [visual-chromium] › e2e/visual.spec.ts:19:102 › light · 390 › visual governance (929ms)
  ✓  140 [visual-chromium] › e2e/visual.spec.ts:19:102 › light · 390 › visual memory (932ms)
  ✓  141 [visual-chromium] › e2e/visual.spec.ts:19:102 › light · 390 › visual gateway (852ms)
  ✓  142 [visual-chromium] › e2e/visual.spec.ts:19:102 › light · 390 › visual collaboration (923ms)
  ✓  143 [visual-chromium] › e2e/visual.spec.ts:19:102 › light · 390 › visual configuration (873ms)
  ✓  144 [visual-chromium] › e2e/visual.spec.ts:19:102 › light · 390 › visual identity (839ms)
  ✓  145 [visual-chromium] › e2e/visual.spec.ts:19:102 › light · 390 › visual tenancy (877ms)
  ✓  146 [visual-chromium] › e2e/visual.spec.ts:19:102 › light · 390 › visual saas (860ms)
  ✓  147 [visual-chromium] › e2e/visual.spec.ts:19:102 › light · 390 › visual desktop (883ms)
  ✓  148 [visual-chromium] › e2e/visual.spec.ts:19:102 › light · 390 › visual observer (839ms)
  ✓  149 [visual-chromium] › e2e/visual.spec.ts:19:102 › light · 390 › visual connection (773ms)
  ✓  150 [visual-chromium] › e2e/visual.spec.ts:19:102 › light · 390 › visual sign-in (1.1s)
  ✓  151 [visual-chromium] › e2e/visual.spec.ts:19:102 › light · 390 › visual sign-in/help (1.1s)
  ✓  152 [visual-chromium] › e2e/visual.spec.ts:19:102 › light · 390 › visual invitations (1.1s)
  ✓  153 [visual-chromium] › e2e/visual.spec.ts:19:102 › light · 390 › visual observer/sign-in (752ms)
  ✓  154 [visual-chromium] › e2e/visual.spec.ts:31:64 › light · 390 › visual open specifications (1.6s)
  ✓  155 [visual-chromium] › e2e/visual.spec.ts:31:64 › light · 390 › visual open code (1.6s)
  ✓  156 [visual-chromium] › e2e/visual.spec.ts:31:64 › light · 390 › visual open agents (966ms)
  ✓  157 [visual-chromium] › e2e/visual.spec.ts:19:102 › light · 1024 › visual home (891ms)
  ✓  158 [visual-chromium] › e2e/visual.spec.ts:19:102 › light · 1024 › visual specifications (876ms)
  ✓  159 [visual-chromium] › e2e/visual.spec.ts:19:102 › light · 1024 › visual code (916ms)
  ✓  160 [visual-chromium] › e2e/visual.spec.ts:19:102 › light · 1024 › visual agents (930ms)
  ✓  161 [visual-chromium] › e2e/visual.spec.ts:19:102 › light · 1024 › visual resources (1.1s)
  ✓  162 [visual-chromium] › e2e/visual.spec.ts:19:102 › light · 1024 › visual workflow (908ms)
  ✓  163 [visual-chromium] › e2e/visual.spec.ts:19:102 › light · 1024 › visual execution (964ms)
  ✓  164 [visual-chromium] › e2e/visual.spec.ts:19:102 › light · 1024 › visual governance (985ms)
  ✓  165 [visual-chromium] › e2e/visual.spec.ts:19:102 › light · 1024 › visual memory (1.1s)
  ✓  166 [visual-chromium] › e2e/visual.spec.ts:19:102 › light · 1024 › visual gateway (949ms)
  ✓  167 [visual-chromium] › e2e/visual.spec.ts:19:102 › light · 1024 › visual collaboration (1.0s)
  ✓  168 [visual-chromium] › e2e/visual.spec.ts:19:102 › light · 1024 › visual configuration (1.0s)
  ✓  169 [visual-chromium] › e2e/visual.spec.ts:19:102 › light · 1024 › visual identity (942ms)
  ✓  170 [visual-chromium] › e2e/visual.spec.ts:19:102 › light · 1024 › visual tenancy (922ms)
  ✓  171 [visual-chromium] › e2e/visual.spec.ts:19:102 › light · 1024 › visual saas (959ms)
  ✓  172 [visual-chromium] › e2e/visual.spec.ts:19:102 › light · 1024 › visual desktop (897ms)
  ✓  173 [visual-chromium] › e2e/visual.spec.ts:19:102 › light · 1024 › visual observer (983ms)
  ✓  174 [visual-chromium] › e2e/visual.spec.ts:19:102 › light · 1024 › visual connection (960ms)
  ✓  175 [visual-chromium] › e2e/visual.spec.ts:19:102 › light · 1024 › visual sign-in (1.1s)
  ✓  176 [visual-chromium] › e2e/visual.spec.ts:19:102 › light · 1024 › visual sign-in/help (1.2s)
  ✓  178 [visual-chromium] › e2e/visual.spec.ts:19:102 › light · 1024 › visual observer/sign-in (806ms)
  ✓  177 [visual-chromium] › e2e/visual.spec.ts:19:102 › light · 1024 › visual invitations (1.2s)
  ✓  180 [visual-chromium] › e2e/visual.spec.ts:31:64 › light · 1024 › visual open code (2.1s)
  ✓  179 [visual-chromium] › e2e/visual.spec.ts:31:64 › light · 1024 › visual open specifications (2.2s)
  ✓  182 [visual-chromium] › e2e/visual.spec.ts:19:102 › light · 1440 › visual home (1.0s)
  ✓  181 [visual-chromium] › e2e/visual.spec.ts:31:64 › light · 1024 › visual open agents (1.1s)
  ✓  183 [visual-chromium] › e2e/visual.spec.ts:19:102 › light · 1440 › visual specifications (971ms)
  ✓  184 [visual-chromium] › e2e/visual.spec.ts:19:102 › light · 1440 › visual code (985ms)
  ✓  185 [visual-chromium] › e2e/visual.spec.ts:19:102 › light · 1440 › visual agents (1.0s)
  ✓  186 [visual-chromium] › e2e/visual.spec.ts:19:102 › light · 1440 › visual resources (1.1s)
  ✓  187 [visual-chromium] › e2e/visual.spec.ts:19:102 › light · 1440 › visual workflow (989ms)
  ✓  188 [visual-chromium] › e2e/visual.spec.ts:19:102 › light · 1440 › visual execution (1.1s)
  ✓  189 [visual-chromium] › e2e/visual.spec.ts:19:102 › light · 1440 › visual governance (1.2s)
  ✓  190 [visual-chromium] › e2e/visual.spec.ts:19:102 › light · 1440 › visual memory (1.3s)
  ✓  191 [visual-chromium] › e2e/visual.spec.ts:19:102 › light · 1440 › visual gateway (963ms)
  ✓  192 [visual-chromium] › e2e/visual.spec.ts:19:102 › light · 1440 › visual collaboration (1.2s)
  ✓  193 [visual-chromium] › e2e/visual.spec.ts:19:102 › light · 1440 › visual configuration (1.0s)
  ✓  194 [visual-chromium] › e2e/visual.spec.ts:19:102 › light · 1440 › visual identity (978ms)
  ✓  195 [visual-chromium] › e2e/visual.spec.ts:19:102 › light · 1440 › visual tenancy (1.0s)
  ✓  196 [visual-chromium] › e2e/visual.spec.ts:19:102 › light · 1440 › visual saas (1.1s)
  ✓  197 [visual-chromium] › e2e/visual.spec.ts:19:102 › light · 1440 › visual desktop (1.1s)
  ✓  198 [visual-chromium] › e2e/visual.spec.ts:19:102 › light · 1440 › visual observer (991ms)
  ✓  199 [visual-chromium] › e2e/visual.spec.ts:19:102 › light · 1440 › visual connection (919ms)
  ✓  200 [visual-chromium] › e2e/visual.spec.ts:19:102 › light · 1440 › visual sign-in (1.2s)
  ✓  201 [visual-chromium] › e2e/visual.spec.ts:19:102 › light · 1440 › visual sign-in/help (1.2s)
  ✓  202 [visual-chromium] › e2e/visual.spec.ts:19:102 › light · 1440 › visual invitations (1.2s)
  ✓  203 [visual-chromium] › e2e/visual.spec.ts:19:102 › light · 1440 › visual observer/sign-in (879ms)
  ✓  204 [visual-chromium] › e2e/visual.spec.ts:31:64 › light · 1440 › visual open specifications (1.6s)
  ✓  205 [visual-chromium] › e2e/visual.spec.ts:31:64 › light · 1440 › visual open code (1.6s)
  ✓  206 [visual-chromium] › e2e/visual.spec.ts:31:64 › light · 1440 › visual open agents (1.2s)

  206 passed (3.0m)
